Device: cuda
Loading CIFAR data...
781 steps/epoch, 150733 total steps, 11715 warmup steps
Loading NAS-Bench-201 oracle...
Supernet params: 1,699,480
[step 500/150733] loss=2.166 acc=15.97% archive_size=10 tau_gumbel=10.000 elapsed=35s
[step 1000/150733] loss=2.048 acc=19.41% archive_size=10 tau_gumbel=9.999 elapsed=72s
[step 1500/150733] loss=2.015 acc=20.38% archive_size=10 tau_gumbel=9.998 elapsed=110s
[step 2000/150733] loss=1.955 acc=21.18% archive_size=10 tau_gumbel=9.996 elapsed=148s
[step 2500/150733] loss=1.919 acc=22.43% archive_size=10 tau_gumbel=9.993 elapsed=186s
[step 3000/150733] loss=1.843 acc=23.79% archive_size=10 tau_gumbel=9.990 elapsed=223s
[step 3500/150733] loss=1.813 acc=24.58% archive_size=10 tau_gumbel=9.987 elapsed=261s
[step 4000/150733] loss=1.780 acc=25.84% archive_size=10 tau_gumbel=9.983 elapsed=299s
[step 4500/150733] loss=1.760 acc=25.54% archive_size=10 tau_gumbel=9.978 elapsed=336s
[step 5000/150733] loss=1.724 acc=26.08% archive_size=10 tau_gumbel=9.973 elapsed=375s
[step 5500/150733] loss=1.709 acc=26.82% archive_size=10 tau_gumbel=9.968 elapsed=414s
[step 6000/150733] loss=1.667 acc=27.62% archive_size=10 tau_gumbel=9.961 elapsed=452s
[step 6500/150733] loss=1.646 acc=27.36% archive_size=10 tau_gumbel=9.955 elapsed=489s
[step 7000/150733] loss=1.616 acc=27.85% archive_size=10 tau_gumbel=9.947 elapsed=526s
[step 7500/150733] loss=1.591 acc=28.68% archive_size=10 tau_gumbel=9.940 elapsed=563s
[step 8000/150733] loss=1.583 acc=28.57% archive_size=10 tau_gumbel=9.931 elapsed=600s
[step 8500/150733] loss=1.547 acc=29.25% archive_size=10 tau_gumbel=9.923 elapsed=637s
[step 9000/150733] loss=1.526 acc=29.51% archive_size=10 tau_gumbel=9.913 elapsed=674s
[step 9500/150733] loss=1.509 acc=30.85% archive_size=10 tau_gumbel=9.903 elapsed=712s
[step 10000/150733] loss=1.493 acc=30.73% archive_size=10 tau_gumbel=9.893 elapsed=749s
[step 10500/150733] loss=1.476 acc=31.13% archive_size=10 tau_gumbel=9.882 elapsed=786s
[step 11000/150733] loss=1.469 acc=30.86% archive_size=10 tau_gumbel=9.870 elapsed=824s
[step 11500/150733] loss=1.468 acc=30.81% archive_size=10 tau_gumbel=9.858 elapsed=860s
[step 12000/150733] loss=1.766 acc=30.84% archive_size=10 tau_gumbel=9.846 elapsed=931s
[step 12500/150733] loss=1.898 acc=30.72% archive_size=10 tau_gumbel=9.833 elapsed=1025s
[step 13000/150733] loss=1.928 acc=29.98% archive_size=10 tau_gumbel=9.819 elapsed=1713s
