Device: cuda
Loading CIFAR data...
781 steps/epoch, 150733 total steps, 11715 warmup steps
Loading NAS-Bench-201 oracle...
Supernet params: 1,699,480
Device: cuda
Loading CIFAR data...
781 steps/epoch, 150733 total steps, 11715 warmup steps
Loading NAS-Bench-201 oracle...
Supernet params: 1,699,480
[step 500/150733] loss=2.164 acc=15.73% archive_size=10 tau_gumbel=10.000 elapsed=35s
[step 1000/150733] loss=2.075 acc=19.52% archive_size=10 tau_gumbel=9.999 elapsed=73s
[step 1500/150733] loss=2.003 acc=20.51% archive_size=10 tau_gumbel=9.998 elapsed=111s
[step 2000/150733] loss=1.950 acc=21.77% archive_size=10 tau_gumbel=9.996 elapsed=149s
[step 2500/150733] loss=1.906 acc=23.11% archive_size=10 tau_gumbel=9.993 elapsed=188s
[step 3000/150733] loss=1.858 acc=24.19% archive_size=10 tau_gumbel=9.990 elapsed=226s
[step 3500/150733] loss=1.821 acc=24.89% archive_size=10 tau_gumbel=9.987 elapsed=265s
[step 4000/150733] loss=1.782 acc=25.28% archive_size=10 tau_gumbel=9.983 elapsed=303s
[step 4500/150733] loss=1.754 acc=25.94% archive_size=10 tau_gumbel=9.978 elapsed=340s
[step 5000/150733] loss=1.700 acc=26.77% archive_size=10 tau_gumbel=9.973 elapsed=378s
[step 5500/150733] loss=1.692 acc=26.71% archive_size=10 tau_gumbel=9.968 elapsed=417s
[step 6000/150733] loss=1.664 acc=27.33% archive_size=10 tau_gumbel=9.961 elapsed=454s
[step 6500/150733] loss=1.636 acc=28.26% archive_size=10 tau_gumbel=9.955 elapsed=493s
[step 7000/150733] loss=1.610 acc=28.77% archive_size=10 tau_gumbel=9.947 elapsed=529s
[step 7500/150733] loss=1.596 acc=29.09% archive_size=10 tau_gumbel=9.940 elapsed=568s
[step 8000/150733] loss=1.558 acc=29.52% archive_size=10 tau_gumbel=9.931 elapsed=606s
[step 8500/150733] loss=1.539 acc=30.14% archive_size=10 tau_gumbel=9.923 elapsed=644s
[step 9000/150733] loss=1.536 acc=29.79% archive_size=10 tau_gumbel=9.913 elapsed=682s
[step 9500/150733] loss=1.495 acc=30.93% archive_size=10 tau_gumbel=9.903 elapsed=720s
[step 10000/150733] loss=1.496 acc=30.46% archive_size=10 tau_gumbel=9.893 elapsed=757s
[step 10500/150733] loss=1.470 acc=31.27% archive_size=10 tau_gumbel=9.882 elapsed=796s
[step 11000/150733] loss=1.462 acc=31.92% archive_size=10 tau_gumbel=9.870 elapsed=835s
[step 11500/150733] loss=1.453 acc=31.53% archive_size=10 tau_gumbel=9.858 elapsed=872s
[step 12000/150733] loss=1.792 acc=31.40% archive_size=10 tau_gumbel=9.846 elapsed=942s
[step 12500/150733] loss=1.893 acc=30.66% archive_size=10 tau_gumbel=9.833 elapsed=1036s
[step 13000/150733] loss=1.857 acc=30.61% archive_size=10 tau_gumbel=9.819 elapsed=1129s
[step 13500/150733] loss=1.803 acc=30.84% archive_size=10 tau_gumbel=9.805 elapsed=1223s
[step 14000/150733] loss=1.805 acc=31.62% archive_size=10 tau_gumbel=9.791 elapsed=1318s
[step 14500/150733] loss=1.728 acc=32.45% archive_size=10 tau_gumbel=9.776 elapsed=1413s
[step 15000/150733] loss=1.752 acc=31.87% archive_size=10 tau_gumbel=9.760 elapsed=1508s
[step 15500/150733] loss=1.732 acc=31.77% archive_size=10 tau_gumbel=9.744 elapsed=1603s
[step 16000/150733] loss=1.758 acc=31.82% archive_size=10 tau_gumbel=9.727 elapsed=1698s
[step 16500/150733] loss=1.763 acc=32.65% archive_size=10 tau_gumbel=9.710 elapsed=1794s
[step 17000/150733] loss=1.697 acc=32.31% archive_size=10 tau_gumbel=9.693 elapsed=1886s
[step 17500/150733] loss=1.772 acc=32.48% archive_size=10 tau_gumbel=9.674 elapsed=1985s
[step 18000/150733] loss=1.654 acc=33.58% archive_size=10 tau_gumbel=9.656 elapsed=2082s
[step 18500/150733] loss=1.692 acc=33.79% archive_size=10 tau_gumbel=9.637 elapsed=2181s
[step 19000/150733] loss=1.661 acc=33.95% archive_size=10 tau_gumbel=9.617 elapsed=2283s
[step 19500/150733] loss=1.599 acc=34.79% archive_size=10 tau_gumbel=9.597 elapsed=2380s
[step 20000/150733] loss=1.640 acc=34.27% archive_size=10 tau_gumbel=9.576 elapsed=2478s
[step 20500/150733] loss=1.605 acc=34.51% archive_size=10 tau_gumbel=9.555 elapsed=2578s
[step 21000/150733] loss=1.609 acc=34.95% archive_size=10 tau_gumbel=9.533 elapsed=2676s
[step 21500/150733] loss=1.612 acc=35.37% archive_size=10 tau_gumbel=9.511 elapsed=2777s
[step 22000/150733] loss=1.588 acc=35.38% archive_size=10 tau_gumbel=9.489 elapsed=2876s
[step 22500/150733] loss=1.634 acc=35.60% archive_size=10 tau_gumbel=9.466 elapsed=2975s
[step 23000/150733] loss=1.593 acc=35.31% archive_size=10 tau_gumbel=9.442 elapsed=3075s
[step 23500/150733] loss=1.565 acc=35.48% archive_size=10 tau_gumbel=9.418 elapsed=3173s
[step 24000/150733] loss=1.575 acc=36.42% archive_size=10 tau_gumbel=9.394 elapsed=3272s
[step 24500/150733] loss=1.587 acc=36.13% archive_size=10 tau_gumbel=9.369 elapsed=3373s
[step 25000/150733] loss=1.578 acc=35.67% archive_size=10 tau_gumbel=9.343 elapsed=3472s
[step 25500/150733] loss=1.579 acc=35.86% archive_size=10 tau_gumbel=9.317 elapsed=3568s
[step 26000/150733] loss=1.562 acc=36.08% archive_size=10 tau_gumbel=9.291 elapsed=3666s
[step 26500/150733] loss=1.517 acc=36.88% archive_size=10 tau_gumbel=9.264 elapsed=3764s
[step 27000/150733] loss=1.582 acc=36.23% archive_size=10 tau_gumbel=9.237 elapsed=3861s
[step 27500/150733] loss=1.562 acc=37.05% archive_size=10 tau_gumbel=9.209 elapsed=3958s
[step 28000/150733] loss=1.577 acc=36.93% archive_size=10 tau_gumbel=9.181 elapsed=4054s
[step 28500/150733] loss=1.569 acc=36.81% archive_size=10 tau_gumbel=9.152 elapsed=4153s
[step 29000/150733] loss=1.552 acc=37.99% archive_size=10 tau_gumbel=9.123 elapsed=4251s
[step 29500/150733] loss=1.562 acc=37.82% archive_size=10 tau_gumbel=9.093 elapsed=4349s
[step 30000/150733] loss=1.669 acc=37.67% archive_size=10 tau_gumbel=9.064 elapsed=4447s
[step 30500/150733] loss=1.694 acc=38.72% archive_size=10 tau_gumbel=9.033 elapsed=4545s
[step 31000/150733] loss=1.565 acc=38.76% archive_size=10 tau_gumbel=9.002 elapsed=4642s
[step 31500/150733] loss=1.556 acc=38.89% archive_size=10 tau_gumbel=8.971 elapsed=4739s
[step 32000/150733] loss=1.562 acc=38.81% archive_size=10 tau_gumbel=8.939 elapsed=4836s
[step 32500/150733] loss=1.524 acc=39.38% archive_size=10 tau_gumbel=8.907 elapsed=4933s
[step 33000/150733] loss=1.475 acc=39.82% archive_size=10 tau_gumbel=8.875 elapsed=5035s
[step 33500/150733] loss=1.449 acc=39.97% archive_size=10 tau_gumbel=8.842 elapsed=5134s
[step 34000/150733] loss=1.443 acc=41.21% archive_size=10 tau_gumbel=8.808 elapsed=5238s
[step 34500/150733] loss=1.496 acc=39.50% archive_size=10 tau_gumbel=8.775 elapsed=5341s
[step 35000/150733] loss=1.454 acc=40.20% archive_size=10 tau_gumbel=8.740 elapsed=5442s
[step 35500/150733] loss=1.421 acc=41.39% archive_size=10 tau_gumbel=8.706 elapsed=5546s
[step 36000/150733] loss=1.419 acc=41.41% archive_size=10 tau_gumbel=8.671 elapsed=5648s
[step 36500/150733] loss=1.458 acc=40.61% archive_size=10 tau_gumbel=8.635 elapsed=5748s
[step 37000/150733] loss=1.402 acc=41.85% archive_size=10 tau_gumbel=8.600 elapsed=5853s
[step 37500/150733] loss=1.402 acc=41.32% archive_size=10 tau_gumbel=8.564 elapsed=5957s
[step 38000/150733] loss=1.412 acc=41.28% archive_size=10 tau_gumbel=8.527 elapsed=6061s
[step 38500/150733] loss=1.413 acc=42.72% archive_size=10 tau_gumbel=8.490 elapsed=6165s
[step 39000/150733] loss=1.438 acc=40.94% archive_size=10 tau_gumbel=8.453 elapsed=6266s
[step 39500/150733] loss=1.407 acc=41.48% archive_size=10 tau_gumbel=8.415 elapsed=6368s
[step 40000/150733] loss=1.404 acc=41.65% archive_size=10 tau_gumbel=8.377 elapsed=6472s
[step 40500/150733] loss=1.385 acc=42.48% archive_size=10 tau_gumbel=8.339 elapsed=6573s
[step 41000/150733] loss=1.370 acc=42.85% archive_size=10 tau_gumbel=8.300 elapsed=6676s
[step 41500/150733] loss=1.383 acc=42.60% archive_size=10 tau_gumbel=8.261 elapsed=6780s
[step 42000/150733] loss=1.351 acc=43.80% archive_size=10 tau_gumbel=8.222 elapsed=6888s
[step 42500/150733] loss=1.387 acc=42.48% archive_size=10 tau_gumbel=8.182 elapsed=6994s
[step 43000/150733] loss=1.391 acc=43.20% archive_size=10 tau_gumbel=8.142 elapsed=7100s
[step 43500/150733] loss=1.362 acc=43.86% archive_size=10 tau_gumbel=8.101 elapsed=7208s
[step 44000/150733] loss=1.372 acc=43.45% archive_size=10 tau_gumbel=8.060 elapsed=7315s
[step 44500/150733] loss=1.355 acc=43.58% archive_size=10 tau_gumbel=8.019 elapsed=7420s
[step 45000/150733] loss=1.335 acc=44.08% archive_size=10 tau_gumbel=7.978 elapsed=7525s
[step 45500/150733] loss=1.355 acc=44.13% archive_size=10 tau_gumbel=7.936 elapsed=7633s
[step 46000/150733] loss=1.372 acc=43.48% archive_size=10 tau_gumbel=7.894 elapsed=7737s
[step 46500/150733] loss=1.380 acc=43.77% archive_size=10 tau_gumbel=7.852 elapsed=7843s
[step 47000/150733] loss=1.378 acc=43.62% archive_size=10 tau_gumbel=7.809 elapsed=7951s
[step 47500/150733] loss=1.360 acc=43.64% archive_size=10 tau_gumbel=7.766 elapsed=8056s
[step 48000/150733] loss=1.413 acc=43.71% archive_size=10 tau_gumbel=7.723 elapsed=8160s
[step 48500/150733] loss=1.393 acc=43.91% archive_size=10 tau_gumbel=7.679 elapsed=8267s
[step 49000/150733] loss=1.359 acc=44.95% archive_size=10 tau_gumbel=7.635 elapsed=8372s
[step 49500/150733] loss=1.322 acc=45.63% archive_size=10 tau_gumbel=7.591 elapsed=8480s
[step 50000/150733] loss=1.273 acc=47.16% archive_size=10 tau_gumbel=7.547 elapsed=8589s
[step 50500/150733] loss=1.289 acc=46.37% archive_size=10 tau_gumbel=7.502 elapsed=8696s
[step 51000/150733] loss=1.328 acc=45.41% archive_size=10 tau_gumbel=7.457 elapsed=8806s
[step 51500/150733] loss=1.318 acc=46.23% archive_size=10 tau_gumbel=7.412 elapsed=8917s
[step 52000/150733] loss=1.281 acc=46.51% archive_size=10 tau_gumbel=7.367 elapsed=9025s
[step 52500/150733] loss=1.310 acc=46.05% archive_size=10 tau_gumbel=7.321 elapsed=9132s
[step 53000/150733] loss=1.304 acc=46.77% archive_size=10 tau_gumbel=7.275 elapsed=9242s
[step 53500/150733] loss=1.278 acc=47.25% archive_size=10 tau_gumbel=7.229 elapsed=9354s
[step 54000/150733] loss=1.271 acc=47.16% archive_size=10 tau_gumbel=7.182 elapsed=9463s
[step 54500/150733] loss=1.273 acc=47.93% archive_size=10 tau_gumbel=7.136 elapsed=9574s
[step 55000/150733] loss=1.251 acc=48.22% archive_size=10 tau_gumbel=7.089 elapsed=9684s
[step 55500/150733] loss=1.264 acc=47.96% archive_size=10 tau_gumbel=7.042 elapsed=9795s
[step 56000/150733] loss=1.301 acc=47.40% archive_size=10 tau_gumbel=6.994 elapsed=9908s
[step 56500/150733] loss=1.275 acc=47.56% archive_size=10 tau_gumbel=6.947 elapsed=10019s
[step 57000/150733] loss=1.248 acc=49.30% archive_size=10 tau_gumbel=6.899 elapsed=10133s
[step 57500/150733] loss=1.248 acc=48.56% archive_size=10 tau_gumbel=6.851 elapsed=10243s
[step 58000/150733] loss=1.227 acc=49.14% archive_size=10 tau_gumbel=6.803 elapsed=10354s
[step 58500/150733] loss=1.231 acc=49.61% archive_size=10 tau_gumbel=6.754 elapsed=10464s
[step 59000/150733] loss=1.239 acc=48.50% archive_size=10 tau_gumbel=6.706 elapsed=10575s
[step 59500/150733] loss=1.213 acc=49.62% archive_size=10 tau_gumbel=6.657 elapsed=10687s
[step 60000/150733] loss=1.227 acc=48.91% archive_size=10 tau_gumbel=6.608 elapsed=10800s
[step 60500/150733] loss=1.234 acc=49.13% archive_size=10 tau_gumbel=6.559 elapsed=10912s
[step 61000/150733] loss=1.244 acc=48.95% archive_size=10 tau_gumbel=6.510 elapsed=11027s
[step 61500/150733] loss=1.222 acc=49.16% archive_size=10 tau_gumbel=6.461 elapsed=11138s
[step 62000/150733] loss=1.208 acc=50.50% archive_size=10 tau_gumbel=6.411 elapsed=11251s
[step 62500/150733] loss=1.261 acc=50.50% archive_size=10 tau_gumbel=6.362 elapsed=11366s
[step 63000/150733] loss=1.251 acc=49.66% archive_size=10 tau_gumbel=6.312 elapsed=11478s
[step 63500/150733] loss=1.205 acc=51.46% archive_size=10 tau_gumbel=6.262 elapsed=11593s
[step 64000/150733] loss=1.201 acc=50.76% archive_size=10 tau_gumbel=6.212 elapsed=11709s
[step 64500/150733] loss=1.191 acc=51.56% archive_size=10 tau_gumbel=6.162 elapsed=11827s
[step 65000/150733] loss=1.226 acc=49.73% archive_size=10 tau_gumbel=6.111 elapsed=11944s
[step 65500/150733] loss=1.215 acc=51.24% archive_size=10 tau_gumbel=6.061 elapsed=12062s
[step 66000/150733] loss=1.220 acc=51.18% archive_size=10 tau_gumbel=6.010 elapsed=12179s
[step 66500/150733] loss=1.193 acc=52.18% archive_size=10 tau_gumbel=5.960 elapsed=12295s
[step 67000/150733] loss=1.180 acc=51.73% archive_size=10 tau_gumbel=5.909 elapsed=12412s
[step 67500/150733] loss=1.224 acc=52.83% archive_size=10 tau_gumbel=5.858 elapsed=12528s
[step 68000/150733] loss=1.148 acc=52.90% archive_size=10 tau_gumbel=5.807 elapsed=12646s
[step 68500/150733] loss=1.168 acc=53.15% archive_size=10 tau_gumbel=5.756 elapsed=12762s
[step 69000/150733] loss=1.176 acc=53.12% archive_size=10 tau_gumbel=5.705 elapsed=12876s
[step 69500/150733] loss=1.130 acc=54.65% archive_size=10 tau_gumbel=5.654 elapsed=12993s
[step 70000/150733] loss=1.157 acc=52.86% archive_size=10 tau_gumbel=5.602 elapsed=13113s
[step 70500/150733] loss=1.106 acc=55.16% archive_size=10 tau_gumbel=5.551 elapsed=13234s
[step 71000/150733] loss=1.162 acc=53.41% archive_size=10 tau_gumbel=5.500 elapsed=13350s
[step 71500/150733] loss=1.120 acc=54.58% archive_size=10 tau_gumbel=5.448 elapsed=13468s
[step 72000/150733] loss=1.134 acc=54.10% archive_size=10 tau_gumbel=5.397 elapsed=13585s
[step 72500/150733] loss=1.111 acc=54.99% archive_size=10 tau_gumbel=5.346 elapsed=13704s
[step 73000/150733] loss=1.079 acc=55.76% archive_size=10 tau_gumbel=5.294 elapsed=13821s
[step 73500/150733] loss=1.095 acc=55.58% archive_size=10 tau_gumbel=5.243 elapsed=13939s
[step 74000/150733] loss=1.068 acc=56.55% archive_size=10 tau_gumbel=5.191 elapsed=14056s
[step 74500/150733] loss=1.161 acc=54.68% archive_size=10 tau_gumbel=5.139 elapsed=14173s
[step 75000/150733] loss=1.101 acc=56.19% archive_size=10 tau_gumbel=5.088 elapsed=14292s
[step 75500/150733] loss=1.091 acc=56.60% archive_size=10 tau_gumbel=5.036 elapsed=14413s
[step 76000/150733] loss=1.077 acc=56.37% archive_size=10 tau_gumbel=4.985 elapsed=14535s
[step 76500/150733] loss=1.077 acc=57.58% archive_size=10 tau_gumbel=4.933 elapsed=14657s
[step 77000/150733] loss=1.090 acc=56.76% archive_size=10 tau_gumbel=4.882 elapsed=14777s
[step 77500/150733] loss=1.097 acc=55.81% archive_size=10 tau_gumbel=4.830 elapsed=14899s
[step 78000/150733] loss=1.080 acc=57.19% archive_size=10 tau_gumbel=4.778 elapsed=15019s
[step 78500/150733] loss=1.082 acc=56.62% archive_size=10 tau_gumbel=4.727 elapsed=15141s
[step 79000/150733] loss=1.052 acc=57.78% archive_size=10 tau_gumbel=4.675 elapsed=15266s
[step 79500/150733] loss=1.045 acc=57.73% archive_size=10 tau_gumbel=4.624 elapsed=15389s
[step 80000/150733] loss=1.034 acc=58.14% archive_size=10 tau_gumbel=4.573 elapsed=15513s
[step 80500/150733] loss=0.983 acc=60.45% archive_size=10 tau_gumbel=4.521 elapsed=15638s
[step 81000/150733] loss=1.016 acc=59.41% archive_size=10 tau_gumbel=4.470 elapsed=15760s
[step 81500/150733] loss=1.052 acc=57.37% archive_size=10 tau_gumbel=4.419 elapsed=15884s
[step 82000/150733] loss=1.028 acc=58.83% archive_size=10 tau_gumbel=4.368 elapsed=16005s
[step 82500/150733] loss=1.053 acc=58.75% archive_size=10 tau_gumbel=4.317 elapsed=16129s
[step 83000/150733] loss=1.011 acc=58.96% archive_size=10 tau_gumbel=4.266 elapsed=16251s
[step 83500/150733] loss=1.018 acc=58.64% archive_size=10 tau_gumbel=4.215 elapsed=16374s
[step 84000/150733] loss=1.014 acc=59.78% archive_size=10 tau_gumbel=4.164 elapsed=16504s
[step 84500/150733] loss=1.015 acc=59.87% archive_size=10 tau_gumbel=4.113 elapsed=16634s
[step 85000/150733] loss=1.014 acc=59.57% archive_size=10 tau_gumbel=4.063 elapsed=16763s
[step 85500/150733] loss=0.988 acc=60.25% archive_size=10 tau_gumbel=4.012 elapsed=16894s
[step 86000/150733] loss=0.984 acc=60.19% archive_size=10 tau_gumbel=3.962 elapsed=17021s
[step 86500/150733] loss=0.976 acc=61.09% archive_size=10 tau_gumbel=3.912 elapsed=17148s
[step 87000/150733] loss=0.952 acc=61.65% archive_size=10 tau_gumbel=3.862 elapsed=17277s
[step 87500/150733] loss=0.941 acc=62.29% archive_size=10 tau_gumbel=3.812 elapsed=17403s
[step 88000/150733] loss=0.981 acc=61.34% archive_size=10 tau_gumbel=3.762 elapsed=17528s
[step 88500/150733] loss=0.949 acc=61.57% archive_size=10 tau_gumbel=3.712 elapsed=17653s
[step 89000/150733] loss=0.936 acc=62.30% archive_size=10 tau_gumbel=3.662 elapsed=17778s
[step 89500/150733] loss=0.941 acc=62.08% archive_size=10 tau_gumbel=3.613 elapsed=17909s
[step 90000/150733] loss=0.905 acc=63.30% archive_size=10 tau_gumbel=3.564 elapsed=18038s
[step 90500/150733] loss=0.882 acc=64.17% archive_size=10 tau_gumbel=3.514 elapsed=18164s
[step 91000/150733] loss=0.921 acc=62.43% archive_size=10 tau_gumbel=3.466 elapsed=18292s
[step 91500/150733] loss=0.923 acc=62.89% archive_size=10 tau_gumbel=3.417 elapsed=18420s
[step 92000/150733] loss=0.905 acc=63.84% archive_size=10 tau_gumbel=3.368 elapsed=18546s
[step 92500/150733] loss=0.898 acc=63.70% archive_size=10 tau_gumbel=3.320 elapsed=18674s
[step 93000/150733] loss=0.905 acc=63.12% archive_size=10 tau_gumbel=3.271 elapsed=18803s
[step 93500/150733] loss=0.896 acc=63.36% archive_size=10 tau_gumbel=3.223 elapsed=18930s
[step 94000/150733] loss=0.864 acc=65.24% archive_size=10 tau_gumbel=3.176 elapsed=19061s
[step 94500/150733] loss=0.875 acc=64.06% archive_size=10 tau_gumbel=3.128 elapsed=19192s
[step 95000/150733] loss=0.875 acc=63.99% archive_size=10 tau_gumbel=3.081 elapsed=19324s
[step 95500/150733] loss=0.861 acc=64.39% archive_size=10 tau_gumbel=3.033 elapsed=19454s
[step 96000/150733] loss=0.827 acc=66.16% archive_size=10 tau_gumbel=2.986 elapsed=19584s
[step 96500/150733] loss=0.851 acc=65.03% archive_size=10 tau_gumbel=2.940 elapsed=19717s
[step 97000/150733] loss=0.871 acc=64.13% archive_size=10 tau_gumbel=2.893 elapsed=19846s
[step 97500/150733] loss=0.849 acc=65.16% archive_size=10 tau_gumbel=2.847 elapsed=19977s
[step 98000/150733] loss=0.852 acc=65.20% archive_size=10 tau_gumbel=2.801 elapsed=20106s
[step 98500/150733] loss=0.849 acc=65.62% archive_size=10 tau_gumbel=2.755 elapsed=20240s
[step 99000/150733] loss=0.813 acc=67.14% archive_size=10 tau_gumbel=2.709 elapsed=20374s
[step 99500/150733] loss=0.858 acc=65.57% archive_size=10 tau_gumbel=2.664 elapsed=20503s
[step 100000/150733] loss=0.837 acc=66.70% archive_size=10 tau_gumbel=2.619 elapsed=20634s
[step 100500/150733] loss=0.853 acc=65.56% archive_size=10 tau_gumbel=2.574 elapsed=20763s
[step 101000/150733] loss=0.835 acc=66.42% archive_size=10 tau_gumbel=2.529 elapsed=20896s
[step 101500/150733] loss=0.801 acc=67.70% archive_size=10 tau_gumbel=2.485 elapsed=21028s
[step 102000/150733] loss=0.820 acc=67.73% archive_size=10 tau_gumbel=2.441 elapsed=21162s
[step 102500/150733] loss=0.798 acc=68.18% archive_size=10 tau_gumbel=2.398 elapsed=21297s
[step 103000/150733] loss=0.811 acc=66.75% archive_size=10 tau_gumbel=2.354 elapsed=21430s
[step 103500/150733] loss=0.810 acc=67.71% archive_size=10 tau_gumbel=2.311 elapsed=21563s
[step 104000/150733] loss=0.783 acc=67.79% archive_size=10 tau_gumbel=2.268 elapsed=21693s
[step 104500/150733] loss=0.798 acc=67.30% archive_size=10 tau_gumbel=2.226 elapsed=21825s
[step 105000/150733] loss=0.814 acc=66.67% archive_size=10 tau_gumbel=2.183 elapsed=21963s
[step 105500/150733] loss=0.800 acc=67.60% archive_size=10 tau_gumbel=2.142 elapsed=22101s
[step 106000/150733] loss=0.783 acc=68.22% archive_size=10 tau_gumbel=2.100 elapsed=22239s
[step 106500/150733] loss=0.765 acc=68.98% archive_size=10 tau_gumbel=2.059 elapsed=22379s
[step 107000/150733] loss=0.769 acc=68.72% archive_size=10 tau_gumbel=2.018 elapsed=22520s
[step 107500/150733] loss=0.766 acc=68.81% archive_size=10 tau_gumbel=1.977 elapsed=22656s
[step 108000/150733] loss=0.740 acc=69.74% archive_size=10 tau_gumbel=1.937 elapsed=22795s
[step 108500/150733] loss=0.720 acc=70.30% archive_size=10 tau_gumbel=1.897 elapsed=22934s
[step 109000/150733] loss=0.735 acc=69.74% archive_size=10 tau_gumbel=1.857 elapsed=23075s
[step 109500/150733] loss=0.706 acc=70.94% archive_size=10 tau_gumbel=1.818 elapsed=23215s
[step 110000/150733] loss=0.695 acc=71.31% archive_size=10 tau_gumbel=1.779 elapsed=23353s
[step 110500/150733] loss=0.708 acc=70.57% archive_size=10 tau_gumbel=1.741 elapsed=23494s
[step 111000/150733] loss=0.730 acc=69.31% archive_size=10 tau_gumbel=1.703 elapsed=23637s
[step 111500/150733] loss=0.672 acc=72.06% archive_size=10 tau_gumbel=1.665 elapsed=23776s
[step 112000/150733] loss=0.680 acc=71.52% archive_size=10 tau_gumbel=1.627 elapsed=23915s
[step 112500/150733] loss=0.696 acc=71.46% archive_size=10 tau_gumbel=1.590 elapsed=24054s
[step 113000/150733] loss=0.680 acc=72.03% archive_size=10 tau_gumbel=1.553 elapsed=24192s
[step 113500/150733] loss=0.672 acc=72.08% archive_size=10 tau_gumbel=1.517 elapsed=24335s
[step 114000/150733] loss=0.692 acc=72.29% archive_size=10 tau_gumbel=1.481 elapsed=24475s
[step 114500/150733] loss=0.691 acc=71.58% archive_size=10 tau_gumbel=1.446 elapsed=24614s
[step 115000/150733] loss=0.683 acc=71.82% archive_size=10 tau_gumbel=1.410 elapsed=24750s
[step 115500/150733] loss=0.679 acc=72.46% archive_size=10 tau_gumbel=1.376 elapsed=24886s
[step 116000/150733] loss=0.654 acc=72.98% archive_size=10 tau_gumbel=1.341 elapsed=25025s
[step 116500/150733] loss=0.672 acc=72.42% archive_size=10 tau_gumbel=1.307 elapsed=25164s
[step 117000/150733] loss=0.686 acc=71.38% archive_size=10 tau_gumbel=1.274 elapsed=25302s
[step 117500/150733] loss=0.655 acc=72.82% archive_size=10 tau_gumbel=1.241 elapsed=25439s
[step 118000/150733] loss=0.626 acc=73.90% archive_size=10 tau_gumbel=1.208 elapsed=25578s
[step 118500/150733] loss=0.653 acc=72.40% archive_size=10 tau_gumbel=1.176 elapsed=25714s
[step 119000/150733] loss=0.629 acc=73.46% archive_size=10 tau_gumbel=1.144 elapsed=25850s
[step 119500/150733] loss=0.638 acc=73.17% archive_size=10 tau_gumbel=1.112 elapsed=25989s
[step 120000/150733] loss=0.623 acc=73.95% archive_size=10 tau_gumbel=1.081 elapsed=26127s
[step 120500/150733] loss=0.612 acc=74.59% archive_size=10 tau_gumbel=1.051 elapsed=26271s
[step 121000/150733] loss=0.636 acc=73.07% archive_size=10 tau_gumbel=1.020 elapsed=26413s
[step 121500/150733] loss=0.593 acc=74.87% archive_size=10 tau_gumbel=0.991 elapsed=26556s
[step 122000/150733] loss=0.602 acc=75.47% archive_size=10 tau_gumbel=0.961 elapsed=26696s
[step 122500/150733] loss=0.597 acc=74.92% archive_size=10 tau_gumbel=0.933 elapsed=26836s
[step 123000/150733] loss=0.592 acc=75.29% archive_size=10 tau_gumbel=0.904 elapsed=26978s
[step 123500/150733] loss=0.613 acc=73.95% archive_size=10 tau_gumbel=0.876 elapsed=27122s
[step 124000/150733] loss=0.598 acc=74.91% archive_size=10 tau_gumbel=0.849 elapsed=27264s
[step 124500/150733] loss=0.609 acc=74.80% archive_size=10 tau_gumbel=0.822 elapsed=27408s
[step 125000/150733] loss=0.608 acc=74.58% archive_size=10 tau_gumbel=0.795 elapsed=27551s
[step 125500/150733] loss=0.568 acc=76.16% archive_size=10 tau_gumbel=0.769 elapsed=27690s
[step 126000/150733] loss=0.590 acc=75.36% archive_size=10 tau_gumbel=0.743 elapsed=27832s
[step 126500/150733] loss=0.607 acc=75.08% archive_size=10 tau_gumbel=0.718 elapsed=27970s
[step 127000/150733] loss=0.606 acc=74.63% archive_size=10 tau_gumbel=0.693 elapsed=28115s
[step 127500/150733] loss=0.571 acc=76.58% archive_size=10 tau_gumbel=0.669 elapsed=28257s
[step 128000/150733] loss=0.576 acc=76.27% archive_size=10 tau_gumbel=0.645 elapsed=28400s
[step 128500/150733] loss=0.585 acc=75.78% archive_size=10 tau_gumbel=0.622 elapsed=28540s
[step 129000/150733] loss=0.585 acc=75.23% archive_size=10 tau_gumbel=0.599 elapsed=28682s
[step 129500/150733] loss=0.552 acc=76.64% archive_size=10 tau_gumbel=0.577 elapsed=28822s
[step 130000/150733] loss=0.593 acc=75.26% archive_size=10 tau_gumbel=0.555 elapsed=28964s
[step 130500/150733] loss=0.598 acc=74.62% archive_size=10 tau_gumbel=0.534 elapsed=29108s
[step 131000/150733] loss=0.552 acc=77.01% archive_size=10 tau_gumbel=0.513 elapsed=29248s
[step 131500/150733] loss=0.537 acc=77.89% archive_size=10 tau_gumbel=0.492 elapsed=29387s
[step 132000/150733] loss=0.563 acc=75.96% archive_size=10 tau_gumbel=0.473 elapsed=29524s
[step 132500/150733] loss=0.520 acc=78.03% archive_size=10 tau_gumbel=0.453 elapsed=29658s
[step 133000/150733] loss=0.524 acc=77.77% archive_size=10 tau_gumbel=0.434 elapsed=29798s
[step 133500/150733] loss=0.556 acc=76.67% archive_size=10 tau_gumbel=0.416 elapsed=29934s
[step 134000/150733] loss=0.538 acc=76.99% archive_size=10 tau_gumbel=0.398 elapsed=30071s
[step 134500/150733] loss=0.554 acc=76.50% archive_size=10 tau_gumbel=0.381 elapsed=30208s
[step 135000/150733] loss=0.540 acc=77.63% archive_size=10 tau_gumbel=0.364 elapsed=30345s
[step 135500/150733] loss=0.557 acc=76.92% archive_size=10 tau_gumbel=0.347 elapsed=30482s
[step 136000/150733] loss=0.572 acc=75.85% archive_size=10 tau_gumbel=0.332 elapsed=30617s
[step 136500/150733] loss=0.539 acc=77.51% archive_size=10 tau_gumbel=0.316 elapsed=30753s
[step 137000/150733] loss=0.516 acc=78.17% archive_size=10 tau_gumbel=0.301 elapsed=30890s
[step 137500/150733] loss=0.510 acc=78.07% archive_size=10 tau_gumbel=0.287 elapsed=31027s
[step 138000/150733] loss=0.541 acc=76.76% archive_size=10 tau_gumbel=0.273 elapsed=31163s
[step 138500/150733] loss=0.520 acc=77.83% archive_size=10 tau_gumbel=0.260 elapsed=31305s
[step 139000/150733] loss=0.494 acc=78.92% archive_size=10 tau_gumbel=0.247 elapsed=31438s
[step 139500/150733] loss=0.519 acc=78.64% archive_size=10 tau_gumbel=0.235 elapsed=31577s
[step 140000/150733] loss=0.517 acc=78.23% archive_size=10 tau_gumbel=0.223 elapsed=31712s
[step 140500/150733] loss=0.527 acc=78.32% archive_size=10 tau_gumbel=0.212 elapsed=31844s
[step 141000/150733] loss=0.502 acc=78.95% archive_size=10 tau_gumbel=0.201 elapsed=31980s
[step 141500/150733] loss=0.503 acc=78.99% archive_size=10 tau_gumbel=0.191 elapsed=32116s
[step 142000/150733] loss=0.510 acc=78.56% archive_size=10 tau_gumbel=0.182 elapsed=32256s
[step 142500/150733] loss=0.523 acc=77.59% archive_size=10 tau_gumbel=0.173 elapsed=32395s
[step 143000/150733] loss=0.500 acc=78.76% archive_size=10 tau_gumbel=0.164 elapsed=32531s
[step 143500/150733] loss=0.531 acc=78.11% archive_size=10 tau_gumbel=0.156 elapsed=32666s
[step 144000/150733] loss=0.513 acc=78.23% archive_size=10 tau_gumbel=0.149 elapsed=32800s
[step 144500/150733] loss=0.528 acc=77.49% archive_size=10 tau_gumbel=0.142 elapsed=32936s
[step 145000/150733] loss=0.533 acc=77.33% archive_size=10 tau_gumbel=0.135 elapsed=33071s
[step 145500/150733] loss=0.627 acc=78.12% archive_size=10 tau_gumbel=0.129 elapsed=33209s
[step 146000/150733] loss=0.536 acc=77.72% archive_size=10 tau_gumbel=0.124 elapsed=33342s
[step 146500/150733] loss=0.514 acc=78.14% archive_size=10 tau_gumbel=0.119 elapsed=33481s
[step 147000/150733] loss=0.503 acc=78.75% archive_size=10 tau_gumbel=0.115 elapsed=33619s
[step 147500/150733] loss=0.509 acc=78.53% archive_size=10 tau_gumbel=0.111 elapsed=33751s
[step 148000/150733] loss=0.522 acc=77.47% archive_size=10 tau_gumbel=0.108 elapsed=33886s
[step 148500/150733] loss=0.520 acc=78.43% archive_size=10 tau_gumbel=0.105 elapsed=34019s
[step 149000/150733] loss=0.519 acc=78.06% archive_size=10 tau_gumbel=0.103 elapsed=34156s
[step 149500/150733] loss=0.505 acc=77.89% archive_size=10 tau_gumbel=0.102 elapsed=34294s
[step 150000/150733] loss=0.508 acc=78.57% archive_size=10 tau_gumbel=0.101 elapsed=34432s
[step 150500/150733] loss=0.475 acc=80.12% archive_size=10 tau_gumbel=0.100 elapsed=34569s
[step 150733/150733] loss=0.484 acc=79.35% archive_size=10 tau_gumbel=0.100 elapsed=34637s
Evaluating Kendall-tau against NAS-Bench-201 ground truth...
Kendall-tau = -0.3216 (p=1.37e-11, n=200)
Saved results to runs/full_cifar10_seed1.json
