Device: cuda
Loading CIFAR data...
781 steps/epoch, 150733 total steps, 11715 warmup steps
Loading NAS-Bench-201 oracle...
Supernet params: 1,699,480
[step 500/150733] loss=2.166 acc=16.09% archive_size=10 tau_gumbel=10.000 elapsed=35s
[step 1000/150733] loss=2.046 acc=19.22% archive_size=10 tau_gumbel=9.999 elapsed=72s
[step 1500/150733] loss=2.021 acc=20.56% archive_size=10 tau_gumbel=9.998 elapsed=110s
[step 2000/150733] loss=1.957 acc=21.59% archive_size=10 tau_gumbel=9.996 elapsed=147s
[step 2500/150733] loss=1.928 acc=21.93% archive_size=10 tau_gumbel=9.993 elapsed=187s
[step 3000/150733] loss=1.864 acc=23.07% archive_size=10 tau_gumbel=9.990 elapsed=226s
[step 3500/150733] loss=1.829 acc=24.07% archive_size=10 tau_gumbel=9.987 elapsed=264s
[step 4000/150733] loss=1.809 acc=24.79% archive_size=10 tau_gumbel=9.983 elapsed=303s
[step 4500/150733] loss=1.770 acc=24.85% archive_size=10 tau_gumbel=9.978 elapsed=340s
[step 5000/150733] loss=1.746 acc=25.68% archive_size=10 tau_gumbel=9.973 elapsed=377s
[step 5500/150733] loss=1.724 acc=26.46% archive_size=10 tau_gumbel=9.968 elapsed=416s
[step 6000/150733] loss=1.682 acc=27.07% archive_size=10 tau_gumbel=9.961 elapsed=452s
[step 6500/150733] loss=1.666 acc=26.97% archive_size=10 tau_gumbel=9.955 elapsed=489s
[step 7000/150733] loss=1.629 acc=27.51% archive_size=10 tau_gumbel=9.947 elapsed=525s
[step 7500/150733] loss=1.610 acc=28.19% archive_size=10 tau_gumbel=9.940 elapsed=562s
[step 8000/150733] loss=1.596 acc=27.71% archive_size=10 tau_gumbel=9.931 elapsed=599s
[step 8500/150733] loss=1.559 acc=28.61% archive_size=10 tau_gumbel=9.923 elapsed=636s
[step 9000/150733] loss=1.533 acc=29.20% archive_size=10 tau_gumbel=9.913 elapsed=673s
[step 9500/150733] loss=1.516 acc=30.07% archive_size=10 tau_gumbel=9.903 elapsed=710s
[step 10000/150733] loss=1.505 acc=30.33% archive_size=10 tau_gumbel=9.893 elapsed=746s
[step 10500/150733] loss=1.493 acc=30.46% archive_size=10 tau_gumbel=9.882 elapsed=783s
[step 11000/150733] loss=1.478 acc=29.82% archive_size=10 tau_gumbel=9.870 elapsed=821s
[step 11500/150733] loss=1.471 acc=30.34% archive_size=10 tau_gumbel=9.858 elapsed=857s
[step 12000/150733] loss=1.803 acc=29.92% archive_size=10 tau_gumbel=9.846 elapsed=930s
[step 12500/150733] loss=1.920 acc=29.11% archive_size=10 tau_gumbel=9.833 elapsed=1024s
[step 13000/150733] loss=1.981 acc=29.17% archive_size=10 tau_gumbel=9.819 elapsed=1118s
[step 13500/150733] loss=1.847 acc=30.24% archive_size=10 tau_gumbel=9.805 elapsed=1212s
[step 14000/150733] loss=1.853 acc=30.87% archive_size=10 tau_gumbel=9.791 elapsed=1308s
[step 14500/150733] loss=1.892 acc=30.27% archive_size=10 tau_gumbel=9.776 elapsed=1403s
[step 15000/150733] loss=1.761 acc=30.37% archive_size=10 tau_gumbel=9.760 elapsed=1496s
[step 15500/150733] loss=1.793 acc=31.13% archive_size=10 tau_gumbel=9.744 elapsed=1589s
[step 16000/150733] loss=1.754 acc=31.26% archive_size=10 tau_gumbel=9.727 elapsed=1686s
[step 16500/150733] loss=1.740 acc=31.22% archive_size=10 tau_gumbel=9.710 elapsed=1781s
[step 17000/150733] loss=1.711 acc=31.63% archive_size=10 tau_gumbel=9.693 elapsed=1877s
[step 17500/150733] loss=1.678 acc=31.39% archive_size=10 tau_gumbel=9.674 elapsed=1973s
[step 18000/150733] loss=1.713 acc=31.21% archive_size=10 tau_gumbel=9.656 elapsed=2068s
[step 18500/150733] loss=1.665 acc=32.76% archive_size=10 tau_gumbel=9.637 elapsed=2164s
[step 19000/150733] loss=1.700 acc=32.71% archive_size=10 tau_gumbel=9.617 elapsed=2262s
[step 19500/150733] loss=1.732 acc=31.70% archive_size=10 tau_gumbel=9.597 elapsed=2356s
[step 20000/150733] loss=1.725 acc=31.58% archive_size=10 tau_gumbel=9.576 elapsed=2451s
[step 20500/150733] loss=1.709 acc=32.95% archive_size=10 tau_gumbel=9.555 elapsed=2551s
[step 21000/150733] loss=1.661 acc=33.81% archive_size=10 tau_gumbel=9.533 elapsed=2653s
[step 21500/150733] loss=1.633 acc=34.01% archive_size=10 tau_gumbel=9.511 elapsed=2752s
[step 22000/150733] loss=1.657 acc=33.18% archive_size=10 tau_gumbel=9.489 elapsed=2851s
[step 22500/150733] loss=1.601 acc=33.20% archive_size=10 tau_gumbel=9.466 elapsed=2949s
[step 23000/150733] loss=1.572 acc=34.48% archive_size=10 tau_gumbel=9.442 elapsed=3047s
[step 23500/150733] loss=1.647 acc=33.51% archive_size=10 tau_gumbel=9.418 elapsed=3145s
[step 24000/150733] loss=1.627 acc=34.15% archive_size=10 tau_gumbel=9.394 elapsed=3241s
[step 24500/150733] loss=1.608 acc=33.56% archive_size=10 tau_gumbel=9.369 elapsed=3338s
[step 25000/150733] loss=1.628 acc=34.34% archive_size=10 tau_gumbel=9.343 elapsed=3435s
[step 25500/150733] loss=1.601 acc=35.35% archive_size=10 tau_gumbel=9.317 elapsed=3535s
[step 26000/150733] loss=1.576 acc=34.00% archive_size=10 tau_gumbel=9.291 elapsed=3634s
[step 26500/150733] loss=1.567 acc=34.22% archive_size=10 tau_gumbel=9.264 elapsed=3732s
[step 27000/150733] loss=1.533 acc=35.93% archive_size=10 tau_gumbel=9.237 elapsed=3832s
[step 27500/150733] loss=1.484 acc=36.21% archive_size=10 tau_gumbel=9.209 elapsed=3932s
[step 28000/150733] loss=1.538 acc=35.08% archive_size=10 tau_gumbel=9.181 elapsed=4027s
[step 28500/150733] loss=1.560 acc=35.64% archive_size=10 tau_gumbel=9.152 elapsed=4126s
[step 29000/150733] loss=1.528 acc=36.50% archive_size=10 tau_gumbel=9.123 elapsed=4225s
[step 29500/150733] loss=1.518 acc=36.55% archive_size=10 tau_gumbel=9.093 elapsed=4322s
[step 30000/150733] loss=1.567 acc=35.98% archive_size=10 tau_gumbel=9.064 elapsed=4421s
[step 30500/150733] loss=1.514 acc=37.55% archive_size=10 tau_gumbel=9.033 elapsed=4521s
[step 31000/150733] loss=1.539 acc=36.04% archive_size=10 tau_gumbel=9.002 elapsed=4621s
[step 31500/150733] loss=1.515 acc=36.71% archive_size=10 tau_gumbel=8.971 elapsed=4721s
[step 32000/150733] loss=1.483 acc=36.67% archive_size=10 tau_gumbel=8.939 elapsed=4818s
[step 32500/150733] loss=1.478 acc=37.72% archive_size=10 tau_gumbel=8.907 elapsed=4918s
[step 33000/150733] loss=1.512 acc=36.59% archive_size=10 tau_gumbel=8.875 elapsed=5018s
[step 33500/150733] loss=1.430 acc=38.05% archive_size=10 tau_gumbel=8.842 elapsed=5116s
[step 34000/150733] loss=1.424 acc=38.27% archive_size=10 tau_gumbel=8.808 elapsed=5216s
[step 34500/150733] loss=1.416 acc=38.46% archive_size=10 tau_gumbel=8.775 elapsed=5317s
[step 35000/150733] loss=1.422 acc=38.62% archive_size=10 tau_gumbel=8.740 elapsed=5416s
[step 35500/150733] loss=1.454 acc=39.36% archive_size=10 tau_gumbel=8.706 elapsed=5516s
[step 36000/150733] loss=1.422 acc=38.73% archive_size=10 tau_gumbel=8.671 elapsed=5612s
[step 36500/150733] loss=1.475 acc=39.73% archive_size=10 tau_gumbel=8.635 elapsed=5709s
[step 37000/150733] loss=1.436 acc=39.46% archive_size=10 tau_gumbel=8.600 elapsed=5807s
[step 37500/150733] loss=1.449 acc=40.17% archive_size=10 tau_gumbel=8.564 elapsed=5907s
[step 38000/150733] loss=1.399 acc=41.02% archive_size=10 tau_gumbel=8.527 elapsed=6007s
[step 38500/150733] loss=1.393 acc=40.35% archive_size=10 tau_gumbel=8.490 elapsed=6108s
[step 39000/150733] loss=1.391 acc=40.13% archive_size=10 tau_gumbel=8.453 elapsed=6207s
[step 39500/150733] loss=1.354 acc=41.05% archive_size=10 tau_gumbel=8.415 elapsed=6306s
[step 40000/150733] loss=1.381 acc=40.89% archive_size=10 tau_gumbel=8.377 elapsed=6408s
[step 40500/150733] loss=1.395 acc=41.08% archive_size=10 tau_gumbel=8.339 elapsed=6509s
[step 41000/150733] loss=1.376 acc=41.37% archive_size=10 tau_gumbel=8.300 elapsed=6612s
[step 41500/150733] loss=1.387 acc=40.65% archive_size=10 tau_gumbel=8.261 elapsed=6713s
[step 42000/150733] loss=1.380 acc=41.90% archive_size=10 tau_gumbel=8.222 elapsed=6812s
[step 42500/150733] loss=1.361 acc=41.23% archive_size=10 tau_gumbel=8.182 elapsed=6912s
[step 43000/150733] loss=1.313 acc=42.43% archive_size=10 tau_gumbel=8.142 elapsed=7014s
[step 43500/150733] loss=1.320 acc=41.82% archive_size=10 tau_gumbel=8.101 elapsed=7116s
[step 44000/150733] loss=1.370 acc=41.34% archive_size=10 tau_gumbel=8.060 elapsed=7216s
[step 44500/150733] loss=1.352 acc=41.54% archive_size=10 tau_gumbel=8.019 elapsed=7316s
[step 45000/150733] loss=1.301 acc=42.75% archive_size=10 tau_gumbel=7.978 elapsed=7418s
[step 45500/150733] loss=1.369 acc=42.11% archive_size=10 tau_gumbel=7.936 elapsed=7519s
[step 46000/150733] loss=1.387 acc=40.74% archive_size=10 tau_gumbel=7.894 elapsed=7618s
[step 46500/150733] loss=1.322 acc=42.29% archive_size=10 tau_gumbel=7.852 elapsed=7718s
[step 47000/150733] loss=1.437 acc=42.15% archive_size=10 tau_gumbel=7.809 elapsed=7819s
[step 47500/150733] loss=1.351 acc=43.60% archive_size=10 tau_gumbel=7.766 elapsed=7925s
[step 48000/150733] loss=1.362 acc=43.57% archive_size=10 tau_gumbel=7.723 elapsed=8028s
[step 48500/150733] loss=1.338 acc=43.15% archive_size=10 tau_gumbel=7.679 elapsed=8129s
[step 49000/150733] loss=1.365 acc=42.64% archive_size=10 tau_gumbel=7.635 elapsed=8228s
[step 49500/150733] loss=1.307 acc=43.51% archive_size=10 tau_gumbel=7.591 elapsed=8331s
[step 50000/150733] loss=1.340 acc=43.49% archive_size=10 tau_gumbel=7.547 elapsed=8433s
[step 50500/150733] loss=1.437 acc=44.33% archive_size=10 tau_gumbel=7.502 elapsed=8534s
[step 51000/150733] loss=1.266 acc=45.22% archive_size=10 tau_gumbel=7.457 elapsed=8636s
[step 51500/150733] loss=1.290 acc=44.49% archive_size=10 tau_gumbel=7.412 elapsed=8739s
[step 52000/150733] loss=1.286 acc=44.07% archive_size=10 tau_gumbel=7.367 elapsed=8841s
[step 52500/150733] loss=1.258 acc=44.68% archive_size=10 tau_gumbel=7.321 elapsed=8944s
[step 53000/150733] loss=1.282 acc=43.90% archive_size=10 tau_gumbel=7.275 elapsed=9049s
[step 53500/150733] loss=1.262 acc=44.85% archive_size=10 tau_gumbel=7.229 elapsed=9156s
[step 54000/150733] loss=1.314 acc=44.50% archive_size=10 tau_gumbel=7.182 elapsed=9261s
[step 54500/150733] loss=1.287 acc=45.23% archive_size=10 tau_gumbel=7.136 elapsed=9368s
[step 55000/150733] loss=1.253 acc=44.28% archive_size=10 tau_gumbel=7.089 elapsed=9475s
[step 55500/150733] loss=1.262 acc=45.12% archive_size=10 tau_gumbel=7.042 elapsed=9583s
[step 56000/150733] loss=1.240 acc=45.36% archive_size=10 tau_gumbel=6.994 elapsed=9688s
[step 56500/150733] loss=1.223 acc=45.91% archive_size=10 tau_gumbel=6.947 elapsed=9792s
[step 57000/150733] loss=1.231 acc=46.10% archive_size=10 tau_gumbel=6.899 elapsed=9896s
[step 57500/150733] loss=1.302 acc=44.49% archive_size=10 tau_gumbel=6.851 elapsed=10001s
[step 58000/150733] loss=1.263 acc=45.40% archive_size=10 tau_gumbel=6.803 elapsed=10105s
[step 58500/150733] loss=1.257 acc=46.33% archive_size=10 tau_gumbel=6.754 elapsed=10209s
[step 59000/150733] loss=1.258 acc=45.39% archive_size=10 tau_gumbel=6.706 elapsed=10315s
[step 59500/150733] loss=1.354 acc=44.64% archive_size=10 tau_gumbel=6.657 elapsed=10420s
[step 60000/150733] loss=1.243 acc=45.25% archive_size=10 tau_gumbel=6.608 elapsed=10525s
[step 60500/150733] loss=1.311 acc=46.12% archive_size=10 tau_gumbel=6.559 elapsed=10631s
[step 61000/150733] loss=1.211 acc=47.01% archive_size=10 tau_gumbel=6.510 elapsed=10740s
[step 61500/150733] loss=1.215 acc=46.42% archive_size=10 tau_gumbel=6.461 elapsed=10844s
[step 62000/150733] loss=1.213 acc=46.78% archive_size=10 tau_gumbel=6.411 elapsed=10952s
[step 62500/150733] loss=1.210 acc=47.17% archive_size=10 tau_gumbel=6.362 elapsed=11061s
[step 63000/150733] loss=1.164 acc=48.38% archive_size=10 tau_gumbel=6.312 elapsed=11169s
[step 63500/150733] loss=1.179 acc=47.41% archive_size=10 tau_gumbel=6.262 elapsed=11279s
[step 64000/150733] loss=1.166 acc=48.44% archive_size=10 tau_gumbel=6.212 elapsed=11387s
[step 64500/150733] loss=1.263 acc=47.65% archive_size=10 tau_gumbel=6.162 elapsed=11498s
[step 65000/150733] loss=1.242 acc=46.40% archive_size=10 tau_gumbel=6.111 elapsed=11606s
[step 65500/150733] loss=1.180 acc=48.33% archive_size=10 tau_gumbel=6.061 elapsed=11716s
[step 66000/150733] loss=1.172 acc=47.77% archive_size=10 tau_gumbel=6.010 elapsed=11826s
[step 66500/150733] loss=1.152 acc=48.40% archive_size=10 tau_gumbel=5.960 elapsed=11936s
[step 67000/150733] loss=1.158 acc=47.77% archive_size=10 tau_gumbel=5.909 elapsed=12047s
[step 67500/150733] loss=1.170 acc=49.03% archive_size=10 tau_gumbel=5.858 elapsed=12158s
[step 68000/150733] loss=1.167 acc=49.24% archive_size=10 tau_gumbel=5.807 elapsed=12268s
[step 68500/150733] loss=1.171 acc=48.95% archive_size=10 tau_gumbel=5.756 elapsed=12378s
[step 69000/150733] loss=1.169 acc=48.93% archive_size=10 tau_gumbel=5.705 elapsed=12489s
[step 69500/150733] loss=1.219 acc=47.33% archive_size=10 tau_gumbel=5.654 elapsed=12599s
[step 70000/150733] loss=1.192 acc=48.66% archive_size=10 tau_gumbel=5.602 elapsed=12708s
[step 70500/150733] loss=1.332 acc=47.74% archive_size=10 tau_gumbel=5.551 elapsed=12821s
[step 71000/150733] loss=1.168 acc=48.64% archive_size=10 tau_gumbel=5.500 elapsed=12929s
[step 71500/150733] loss=1.159 acc=49.71% archive_size=10 tau_gumbel=5.448 elapsed=13041s
[step 72000/150733] loss=1.144 acc=50.32% archive_size=10 tau_gumbel=5.397 elapsed=13153s
[step 72500/150733] loss=1.134 acc=49.94% archive_size=10 tau_gumbel=5.346 elapsed=13264s
[step 73000/150733] loss=1.152 acc=49.23% archive_size=10 tau_gumbel=5.294 elapsed=13381s
[step 73500/150733] loss=1.130 acc=49.62% archive_size=10 tau_gumbel=5.243 elapsed=13498s
[step 74000/150733] loss=1.159 acc=49.46% archive_size=10 tau_gumbel=5.191 elapsed=13610s
[step 74500/150733] loss=1.091 acc=51.15% archive_size=10 tau_gumbel=5.139 elapsed=13725s
[step 75000/150733] loss=1.183 acc=49.53% archive_size=10 tau_gumbel=5.088 elapsed=13840s
[step 75500/150733] loss=1.126 acc=50.15% archive_size=10 tau_gumbel=5.036 elapsed=13953s
[step 76000/150733] loss=1.113 acc=50.83% archive_size=10 tau_gumbel=4.985 elapsed=14069s
[step 76500/150733] loss=1.081 acc=50.54% archive_size=10 tau_gumbel=4.933 elapsed=14185s
[step 77000/150733] loss=1.081 acc=50.93% archive_size=10 tau_gumbel=4.882 elapsed=14303s
[step 77500/150733] loss=1.084 acc=51.55% archive_size=10 tau_gumbel=4.830 elapsed=14418s
[step 78000/150733] loss=1.115 acc=52.03% archive_size=10 tau_gumbel=4.778 elapsed=14534s
[step 78500/150733] loss=1.126 acc=50.75% archive_size=10 tau_gumbel=4.727 elapsed=14651s
[step 79000/150733] loss=1.104 acc=50.85% archive_size=10 tau_gumbel=4.675 elapsed=14771s
[step 79500/150733] loss=1.072 acc=51.67% archive_size=10 tau_gumbel=4.624 elapsed=14888s
[step 80000/150733] loss=1.089 acc=51.36% archive_size=10 tau_gumbel=4.573 elapsed=15009s
[step 80500/150733] loss=1.061 acc=52.61% archive_size=10 tau_gumbel=4.521 elapsed=15127s
[step 81000/150733] loss=1.088 acc=51.84% archive_size=10 tau_gumbel=4.470 elapsed=15244s
[step 81500/150733] loss=1.151 acc=51.38% archive_size=10 tau_gumbel=4.419 elapsed=15365s
[step 82000/150733] loss=1.043 acc=52.89% archive_size=10 tau_gumbel=4.368 elapsed=15484s
[step 82500/150733] loss=1.028 acc=53.28% archive_size=10 tau_gumbel=4.317 elapsed=15611s
[step 83000/150733] loss=1.183 acc=53.61% archive_size=10 tau_gumbel=4.266 elapsed=15736s
[step 83500/150733] loss=1.224 acc=52.97% archive_size=10 tau_gumbel=4.215 elapsed=15856s
[step 84000/150733] loss=1.046 acc=52.10% archive_size=10 tau_gumbel=4.164 elapsed=15978s
[step 84500/150733] loss=1.010 acc=54.77% archive_size=10 tau_gumbel=4.113 elapsed=16097s
[step 85000/150733] loss=1.054 acc=53.53% archive_size=10 tau_gumbel=4.063 elapsed=16217s
[step 85500/150733] loss=1.045 acc=53.25% archive_size=10 tau_gumbel=4.012 elapsed=16335s
[step 86000/150733] loss=1.033 acc=53.92% archive_size=10 tau_gumbel=3.962 elapsed=16455s
[step 86500/150733] loss=1.039 acc=53.95% archive_size=10 tau_gumbel=3.912 elapsed=16573s
[step 87000/150733] loss=1.047 acc=53.73% archive_size=10 tau_gumbel=3.862 elapsed=16695s
[step 87500/150733] loss=1.023 acc=54.95% archive_size=10 tau_gumbel=3.812 elapsed=16817s
[step 88000/150733] loss=1.009 acc=55.04% archive_size=10 tau_gumbel=3.762 elapsed=16937s
[step 88500/150733] loss=1.000 acc=54.93% archive_size=10 tau_gumbel=3.712 elapsed=17057s
[step 89000/150733] loss=1.037 acc=53.62% archive_size=10 tau_gumbel=3.662 elapsed=17177s
[step 89500/150733] loss=1.002 acc=54.79% archive_size=10 tau_gumbel=3.613 elapsed=17301s
[step 90000/150733] loss=0.995 acc=55.72% archive_size=10 tau_gumbel=3.564 elapsed=17425s
[step 90500/150733] loss=1.128 acc=54.58% archive_size=10 tau_gumbel=3.514 elapsed=17546s
[step 91000/150733] loss=0.980 acc=56.05% archive_size=10 tau_gumbel=3.466 elapsed=17668s
[step 91500/150733] loss=0.985 acc=55.56% archive_size=10 tau_gumbel=3.417 elapsed=17788s
[step 92000/150733] loss=1.050 acc=54.78% archive_size=10 tau_gumbel=3.368 elapsed=17909s
[step 92500/150733] loss=0.997 acc=55.40% archive_size=10 tau_gumbel=3.320 elapsed=18033s
[step 93000/150733] loss=0.987 acc=56.32% archive_size=10 tau_gumbel=3.271 elapsed=18156s
[step 93500/150733] loss=0.963 acc=57.16% archive_size=10 tau_gumbel=3.223 elapsed=18278s
[step 94000/150733] loss=1.024 acc=55.62% archive_size=10 tau_gumbel=3.176 elapsed=18404s
[step 94500/150733] loss=0.991 acc=56.28% archive_size=10 tau_gumbel=3.128 elapsed=18527s
[step 95000/150733] loss=0.932 acc=58.33% archive_size=10 tau_gumbel=3.081 elapsed=18650s
[step 95500/150733] loss=0.965 acc=56.66% archive_size=10 tau_gumbel=3.033 elapsed=18775s
[step 96000/150733] loss=0.956 acc=57.30% archive_size=10 tau_gumbel=2.986 elapsed=18899s
[step 96500/150733] loss=0.948 acc=56.80% archive_size=10 tau_gumbel=2.940 elapsed=19023s
[step 97000/150733] loss=0.961 acc=56.75% archive_size=10 tau_gumbel=2.893 elapsed=19148s
[step 97500/150733] loss=0.940 acc=57.22% archive_size=10 tau_gumbel=2.847 elapsed=19271s
[step 98000/150733] loss=0.931 acc=58.32% archive_size=10 tau_gumbel=2.801 elapsed=19401s
[step 98500/150733] loss=0.928 acc=59.04% archive_size=10 tau_gumbel=2.755 elapsed=19532s
[step 99000/150733] loss=0.941 acc=57.17% archive_size=10 tau_gumbel=2.709 elapsed=19665s
[step 99500/150733] loss=0.914 acc=58.45% archive_size=10 tau_gumbel=2.664 elapsed=19794s
[step 100000/150733] loss=0.930 acc=58.08% archive_size=10 tau_gumbel=2.619 elapsed=19923s
[step 100500/150733] loss=0.929 acc=57.72% archive_size=10 tau_gumbel=2.574 elapsed=20050s
[step 101000/150733] loss=0.932 acc=58.39% archive_size=10 tau_gumbel=2.529 elapsed=20178s
[step 101500/150733] loss=0.932 acc=58.49% archive_size=10 tau_gumbel=2.485 elapsed=20303s
[step 102000/150733] loss=0.902 acc=59.68% archive_size=10 tau_gumbel=2.441 elapsed=20431s
[step 102500/150733] loss=0.900 acc=59.95% archive_size=10 tau_gumbel=2.398 elapsed=20559s
[step 103000/150733] loss=0.864 acc=60.87% archive_size=10 tau_gumbel=2.354 elapsed=20690s
[step 103500/150733] loss=0.927 acc=58.64% archive_size=10 tau_gumbel=2.311 elapsed=20817s
[step 104000/150733] loss=0.893 acc=60.03% archive_size=10 tau_gumbel=2.268 elapsed=20944s
[step 104500/150733] loss=0.971 acc=59.20% archive_size=10 tau_gumbel=2.226 elapsed=21071s
[step 105000/150733] loss=0.919 acc=59.71% archive_size=10 tau_gumbel=2.183 elapsed=21197s
[step 105500/150733] loss=0.854 acc=61.08% archive_size=10 tau_gumbel=2.142 elapsed=21325s
[step 106000/150733] loss=0.925 acc=59.84% archive_size=10 tau_gumbel=2.100 elapsed=21453s
[step 106500/150733] loss=0.900 acc=60.37% archive_size=10 tau_gumbel=2.059 elapsed=21580s
[step 107000/150733] loss=0.874 acc=61.02% archive_size=10 tau_gumbel=2.018 elapsed=21711s
[step 107500/150733] loss=0.851 acc=62.38% archive_size=10 tau_gumbel=1.977 elapsed=21837s
[step 108000/150733] loss=0.897 acc=60.85% archive_size=10 tau_gumbel=1.937 elapsed=21966s
[step 108500/150733] loss=0.848 acc=62.62% archive_size=10 tau_gumbel=1.897 elapsed=22096s
[step 109000/150733] loss=0.822 acc=63.27% archive_size=10 tau_gumbel=1.857 elapsed=22226s
[step 109500/150733] loss=0.877 acc=61.43% archive_size=10 tau_gumbel=1.818 elapsed=22357s
[step 110000/150733] loss=0.881 acc=61.84% archive_size=10 tau_gumbel=1.779 elapsed=22489s
[step 110500/150733] loss=0.855 acc=61.91% archive_size=10 tau_gumbel=1.741 elapsed=22622s
[step 111000/150733] loss=0.841 acc=62.10% archive_size=10 tau_gumbel=1.703 elapsed=22754s
[step 111500/150733] loss=0.802 acc=63.42% archive_size=10 tau_gumbel=1.665 elapsed=22884s
[step 112000/150733] loss=0.823 acc=63.42% archive_size=10 tau_gumbel=1.627 elapsed=23016s
[step 112500/150733] loss=0.814 acc=64.29% archive_size=10 tau_gumbel=1.590 elapsed=23153s
[step 113000/150733] loss=0.804 acc=64.07% archive_size=10 tau_gumbel=1.553 elapsed=23288s
[step 113500/150733] loss=0.814 acc=63.56% archive_size=10 tau_gumbel=1.517 elapsed=23424s
[step 114000/150733] loss=0.809 acc=64.45% archive_size=10 tau_gumbel=1.481 elapsed=23552s
[step 114500/150733] loss=0.796 acc=64.83% archive_size=10 tau_gumbel=1.446 elapsed=23687s
[step 115000/150733] loss=0.806 acc=64.63% archive_size=10 tau_gumbel=1.410 elapsed=23821s
[step 115500/150733] loss=0.804 acc=64.69% archive_size=10 tau_gumbel=1.376 elapsed=23954s
[step 116000/150733] loss=0.806 acc=64.44% archive_size=10 tau_gumbel=1.341 elapsed=24087s
[step 116500/150733] loss=0.807 acc=64.60% archive_size=10 tau_gumbel=1.307 elapsed=24224s
[step 117000/150733] loss=0.770 acc=65.85% archive_size=10 tau_gumbel=1.274 elapsed=24359s
[step 117500/150733] loss=0.780 acc=65.13% archive_size=10 tau_gumbel=1.241 elapsed=24494s
[step 118000/150733] loss=0.883 acc=64.22% archive_size=10 tau_gumbel=1.208 elapsed=24625s
[step 118500/150733] loss=0.786 acc=65.47% archive_size=10 tau_gumbel=1.176 elapsed=24760s
[step 119000/150733] loss=0.792 acc=65.74% archive_size=10 tau_gumbel=1.144 elapsed=24891s
[step 119500/150733] loss=0.774 acc=65.76% archive_size=10 tau_gumbel=1.112 elapsed=25024s
[step 120000/150733] loss=0.831 acc=65.44% archive_size=10 tau_gumbel=1.081 elapsed=25155s
[step 120500/150733] loss=0.736 acc=67.04% archive_size=10 tau_gumbel=1.051 elapsed=25285s
[step 121000/150733] loss=0.753 acc=66.59% archive_size=10 tau_gumbel=1.020 elapsed=25416s
[step 121500/150733] loss=0.773 acc=65.91% archive_size=10 tau_gumbel=0.991 elapsed=25554s
[step 122000/150733] loss=0.733 acc=67.15% archive_size=10 tau_gumbel=0.961 elapsed=25693s
[step 122500/150733] loss=0.727 acc=68.17% archive_size=10 tau_gumbel=0.933 elapsed=25828s
[step 123000/150733] loss=0.831 acc=67.26% archive_size=10 tau_gumbel=0.904 elapsed=25963s
[step 123500/150733] loss=0.806 acc=66.69% archive_size=10 tau_gumbel=0.876 elapsed=26102s
[step 124000/150733] loss=0.762 acc=66.62% archive_size=10 tau_gumbel=0.849 elapsed=26245s
[step 124500/150733] loss=0.731 acc=68.01% archive_size=10 tau_gumbel=0.822 elapsed=26385s
[step 125000/150733] loss=0.715 acc=67.95% archive_size=10 tau_gumbel=0.795 elapsed=26528s
[step 125500/150733] loss=0.743 acc=67.35% archive_size=10 tau_gumbel=0.769 elapsed=26666s
[step 126000/150733] loss=0.739 acc=67.77% archive_size=10 tau_gumbel=0.743 elapsed=26804s
[step 126500/150733] loss=0.699 acc=68.45% archive_size=10 tau_gumbel=0.718 elapsed=26940s
[step 127000/150733] loss=0.667 acc=69.80% archive_size=10 tau_gumbel=0.693 elapsed=27076s
[step 127500/150733] loss=0.720 acc=69.71% archive_size=10 tau_gumbel=0.669 elapsed=27214s
[step 128000/150733] loss=0.706 acc=68.97% archive_size=10 tau_gumbel=0.645 elapsed=27350s
[step 128500/150733] loss=0.709 acc=68.31% archive_size=10 tau_gumbel=0.622 elapsed=27485s
[step 129000/150733] loss=0.684 acc=69.38% archive_size=10 tau_gumbel=0.599 elapsed=27624s
[step 129500/150733] loss=0.684 acc=69.10% archive_size=10 tau_gumbel=0.577 elapsed=27761s
[step 130000/150733] loss=0.687 acc=69.42% archive_size=10 tau_gumbel=0.555 elapsed=27898s
[step 130500/150733] loss=0.679 acc=69.77% archive_size=10 tau_gumbel=0.534 elapsed=28033s
[step 131000/150733] loss=0.671 acc=69.70% archive_size=10 tau_gumbel=0.513 elapsed=28171s
[step 131500/150733] loss=0.656 acc=70.75% archive_size=10 tau_gumbel=0.492 elapsed=28310s
[step 132000/150733] loss=0.697 acc=69.95% archive_size=10 tau_gumbel=0.473 elapsed=28443s
[step 132500/150733] loss=0.666 acc=70.85% archive_size=10 tau_gumbel=0.453 elapsed=28709s
[step 133000/150733] loss=0.664 acc=71.33% archive_size=10 tau_gumbel=0.434 elapsed=29020s
[step 133500/150733] loss=0.718 acc=69.29% archive_size=10 tau_gumbel=0.416 elapsed=29188s
[step 134000/150733] loss=0.691 acc=69.97% archive_size=10 tau_gumbel=0.398 elapsed=29319s
[step 134500/150733] loss=0.772 acc=71.17% archive_size=10 tau_gumbel=0.381 elapsed=29452s
[step 135000/150733] loss=0.686 acc=71.17% archive_size=10 tau_gumbel=0.364 elapsed=29588s
[step 135500/150733] loss=0.674 acc=69.96% archive_size=10 tau_gumbel=0.347 elapsed=29724s
[step 136000/150733] loss=0.673 acc=71.59% archive_size=10 tau_gumbel=0.332 elapsed=29861s
[step 136500/150733] loss=0.737 acc=71.73% archive_size=10 tau_gumbel=0.316 elapsed=29992s
[step 137000/150733] loss=0.674 acc=71.39% archive_size=10 tau_gumbel=0.301 elapsed=30128s
[step 137500/150733] loss=0.673 acc=70.72% archive_size=10 tau_gumbel=0.287 elapsed=30268s
[step 138000/150733] loss=0.651 acc=71.23% archive_size=10 tau_gumbel=0.273 elapsed=30410s
[step 138500/150733] loss=0.669 acc=71.18% archive_size=10 tau_gumbel=0.260 elapsed=30548s
[step 139000/150733] loss=0.659 acc=71.30% archive_size=10 tau_gumbel=0.247 elapsed=30687s
[step 139500/150733] loss=0.652 acc=72.54% archive_size=10 tau_gumbel=0.235 elapsed=30822s
[step 140000/150733] loss=0.675 acc=72.62% archive_size=10 tau_gumbel=0.223 elapsed=30957s
[step 140500/150733] loss=0.696 acc=72.71% archive_size=10 tau_gumbel=0.212 elapsed=31092s
[step 141000/150733] loss=0.632 acc=72.64% archive_size=10 tau_gumbel=0.201 elapsed=31226s
[step 141500/150733] loss=0.644 acc=73.15% archive_size=10 tau_gumbel=0.191 elapsed=31361s
[step 142000/150733] loss=0.651 acc=71.51% archive_size=10 tau_gumbel=0.182 elapsed=31494s
