Device: cuda
Loading CIFAR data...
781 steps/epoch, 150733 total steps, 11715 warmup steps
Loading NAS-Bench-201 oracle...
Device: cuda
Loading CIFAR data...
781 steps/epoch, 150733 total steps, 11715 warmup steps
Loading NAS-Bench-201 oracle...
Supernet params: 1,699,480
[step 500/150733] loss=2.193 acc=15.04% archive_size=10 tau_gumbel=10.000 elapsed=34s
[step 1000/150733] loss=2.097 acc=18.33% archive_size=10 tau_gumbel=9.999 elapsed=72s
[step 1500/150733] loss=2.025 acc=19.55% archive_size=10 tau_gumbel=9.998 elapsed=109s
[step 2000/150733] loss=1.963 acc=21.40% archive_size=10 tau_gumbel=9.996 elapsed=146s
[step 2500/150733] loss=1.914 acc=22.60% archive_size=10 tau_gumbel=9.993 elapsed=184s
[step 3000/150733] loss=1.889 acc=22.66% archive_size=10 tau_gumbel=9.990 elapsed=221s
[step 3500/150733] loss=1.831 acc=23.53% archive_size=10 tau_gumbel=9.987 elapsed=259s
[step 4000/150733] loss=1.793 acc=24.68% archive_size=10 tau_gumbel=9.983 elapsed=296s
[step 4500/150733] loss=1.757 acc=25.54% archive_size=10 tau_gumbel=9.978 elapsed=333s
[step 5000/150733] loss=1.744 acc=26.27% archive_size=10 tau_gumbel=9.973 elapsed=371s
[step 5500/150733] loss=1.690 acc=26.09% archive_size=10 tau_gumbel=9.968 elapsed=409s
[step 6000/150733] loss=1.680 acc=27.51% archive_size=10 tau_gumbel=9.961 elapsed=446s
[step 6500/150733] loss=1.641 acc=27.75% archive_size=10 tau_gumbel=9.955 elapsed=483s
[step 7000/150733] loss=1.631 acc=27.85% archive_size=10 tau_gumbel=9.947 elapsed=520s
[step 7500/150733] loss=1.607 acc=28.42% archive_size=10 tau_gumbel=9.940 elapsed=558s
[step 8000/150733] loss=1.575 acc=29.19% archive_size=10 tau_gumbel=9.931 elapsed=596s
[step 8500/150733] loss=1.542 acc=29.12% archive_size=10 tau_gumbel=9.923 elapsed=633s
[step 9000/150733] loss=1.533 acc=29.87% archive_size=10 tau_gumbel=9.913 elapsed=671s
[step 9500/150733] loss=1.522 acc=29.71% archive_size=10 tau_gumbel=9.903 elapsed=708s
[step 10000/150733] loss=1.512 acc=30.29% archive_size=10 tau_gumbel=9.893 elapsed=745s
[step 10500/150733] loss=1.493 acc=30.33% archive_size=10 tau_gumbel=9.882 elapsed=783s
[step 11000/150733] loss=1.464 acc=31.56% archive_size=10 tau_gumbel=9.870 elapsed=822s
[step 11500/150733] loss=1.461 acc=31.00% archive_size=10 tau_gumbel=9.858 elapsed=859s
[step 12000/150733] loss=1.779 acc=30.57% archive_size=10 tau_gumbel=9.846 elapsed=929s
[step 12500/150733] loss=2.055 acc=30.18% archive_size=10 tau_gumbel=9.833 elapsed=1020s
[step 13000/150733] loss=1.951 acc=31.54% archive_size=10 tau_gumbel=9.819 elapsed=1109s
[step 13500/150733] loss=1.990 acc=30.22% archive_size=10 tau_gumbel=9.805 elapsed=1202s
[step 14000/150733] loss=1.923 acc=31.18% archive_size=10 tau_gumbel=9.791 elapsed=1295s
[step 14500/150733] loss=1.905 acc=31.71% archive_size=10 tau_gumbel=9.776 elapsed=1390s
[step 15000/150733] loss=1.825 acc=30.81% archive_size=10 tau_gumbel=9.760 elapsed=1488s
[step 15500/150733] loss=1.818 acc=31.34% archive_size=10 tau_gumbel=9.744 elapsed=1582s
[step 16000/150733] loss=1.784 acc=31.52% archive_size=10 tau_gumbel=9.727 elapsed=1675s
[step 16500/150733] loss=1.806 acc=32.13% archive_size=10 tau_gumbel=9.710 elapsed=1770s
[step 17000/150733] loss=1.809 acc=31.79% archive_size=10 tau_gumbel=9.693 elapsed=1863s
[step 17500/150733] loss=1.774 acc=32.35% archive_size=10 tau_gumbel=9.674 elapsed=1957s
[step 18000/150733] loss=1.761 acc=32.56% archive_size=10 tau_gumbel=9.656 elapsed=2050s
[step 18500/150733] loss=1.839 acc=32.37% archive_size=10 tau_gumbel=9.637 elapsed=2144s
[step 19000/150733] loss=1.767 acc=32.33% archive_size=10 tau_gumbel=9.617 elapsed=2240s
[step 19500/150733] loss=1.764 acc=32.79% archive_size=10 tau_gumbel=9.597 elapsed=2333s
[step 20000/150733] loss=1.862 acc=33.72% archive_size=10 tau_gumbel=9.576 elapsed=2426s
[step 20500/150733] loss=1.847 acc=33.89% archive_size=10 tau_gumbel=9.555 elapsed=2524s
