Device: cuda
Loading CIFAR data...
781 steps/epoch, 150733 total steps, 11715 warmup steps
Loading NAS-Bench-201 oracle...
Supernet params: 1,699,480
[step 500/150733] loss=2.164 acc=16.22% archive_size=10 tau_gumbel=10.000 elapsed=35s
[step 1000/150733] loss=2.039 acc=19.89% archive_size=10 tau_gumbel=9.999 elapsed=74s
[step 1500/150733] loss=2.007 acc=20.85% archive_size=10 tau_gumbel=9.998 elapsed=112s
[step 2000/150733] loss=1.950 acc=21.94% archive_size=10 tau_gumbel=9.996 elapsed=150s
[step 2500/150733] loss=1.911 acc=22.57% archive_size=10 tau_gumbel=9.993 elapsed=188s
[step 3000/150733] loss=1.841 acc=23.56% archive_size=10 tau_gumbel=9.990 elapsed=228s
[step 3500/150733] loss=1.810 acc=24.52% archive_size=10 tau_gumbel=9.987 elapsed=266s
[step 4000/150733] loss=1.784 acc=26.02% archive_size=10 tau_gumbel=9.983 elapsed=304s
[step 4500/150733] loss=1.756 acc=25.51% archive_size=10 tau_gumbel=9.978 elapsed=341s
[step 5000/150733] loss=1.723 acc=26.06% archive_size=10 tau_gumbel=9.973 elapsed=379s
[step 5500/150733] loss=1.706 acc=26.76% archive_size=10 tau_gumbel=9.968 elapsed=418s
[step 6000/150733] loss=1.667 acc=27.32% archive_size=10 tau_gumbel=9.961 elapsed=455s
[step 6500/150733] loss=1.647 acc=27.44% archive_size=10 tau_gumbel=9.955 elapsed=493s
[step 7000/150733] loss=1.616 acc=27.75% archive_size=10 tau_gumbel=9.947 elapsed=530s
[step 7500/150733] loss=1.594 acc=28.67% archive_size=10 tau_gumbel=9.940 elapsed=569s
[step 8000/150733] loss=1.589 acc=28.33% archive_size=10 tau_gumbel=9.931 elapsed=607s
[step 8500/150733] loss=1.554 acc=29.28% archive_size=10 tau_gumbel=9.923 elapsed=645s
[step 9000/150733] loss=1.527 acc=29.53% archive_size=10 tau_gumbel=9.913 elapsed=683s
[step 9500/150733] loss=1.516 acc=30.55% archive_size=10 tau_gumbel=9.903 elapsed=721s
[step 10000/150733] loss=1.495 acc=30.65% archive_size=10 tau_gumbel=9.893 elapsed=758s
[step 10500/150733] loss=1.482 acc=31.08% archive_size=10 tau_gumbel=9.882 elapsed=796s
[step 11000/150733] loss=1.469 acc=30.77% archive_size=10 tau_gumbel=9.870 elapsed=834s
[step 11500/150733] loss=1.471 acc=30.69% archive_size=10 tau_gumbel=9.858 elapsed=872s
[step 12000/150733] loss=1.801 acc=30.88% archive_size=10 tau_gumbel=9.846 elapsed=945s
[step 12500/150733] loss=1.935 acc=30.09% archive_size=10 tau_gumbel=9.833 elapsed=1040s
[step 13000/150733] loss=1.900 acc=29.77% archive_size=10 tau_gumbel=9.819 elapsed=1134s
[step 13500/150733] loss=1.831 acc=30.55% archive_size=10 tau_gumbel=9.805 elapsed=1230s
[step 14000/150733] loss=1.798 acc=31.71% archive_size=10 tau_gumbel=9.791 elapsed=1328s
[step 14500/150733] loss=1.834 acc=31.28% archive_size=10 tau_gumbel=9.776 elapsed=1424s
[step 15000/150733] loss=1.754 acc=31.53% archive_size=10 tau_gumbel=9.760 elapsed=1520s
[step 15500/150733] loss=1.736 acc=31.96% archive_size=10 tau_gumbel=9.744 elapsed=1615s
[step 16000/150733] loss=1.753 acc=32.04% archive_size=10 tau_gumbel=9.727 elapsed=1715s
[step 16500/150733] loss=1.788 acc=31.66% archive_size=10 tau_gumbel=9.710 elapsed=1814s
[step 17000/150733] loss=1.750 acc=31.41% archive_size=10 tau_gumbel=9.693 elapsed=2293s
