Device: cuda
Loading CIFAR data...
781 steps/epoch, 150733 total steps, 11715 warmup steps
Loading NAS-Bench-201 oracle...
Supernet params: 1,699,480
[step 500/150733] loss=2.171 acc=15.63% archive_size=10 tau_gumbel=10.000 elapsed=35s
[step 1000/150733] loss=2.049 acc=19.01% archive_size=10 tau_gumbel=9.999 elapsed=73s
[step 1500/150733] loss=2.017 acc=20.34% archive_size=10 tau_gumbel=9.998 elapsed=110s
[step 2000/150733] loss=1.957 acc=21.57% archive_size=10 tau_gumbel=9.996 elapsed=149s
[step 2500/150733] loss=1.920 acc=22.25% archive_size=10 tau_gumbel=9.993 elapsed=192s
[step 3000/150733] loss=1.851 acc=23.63% archive_size=10 tau_gumbel=9.990 elapsed=239s
[step 3500/150733] loss=1.824 acc=24.01% archive_size=10 tau_gumbel=9.987 elapsed=283s
[step 4000/150733] loss=1.799 acc=25.67% archive_size=10 tau_gumbel=9.983 elapsed=330s
[step 4500/150733] loss=1.767 acc=25.65% archive_size=10 tau_gumbel=9.978 elapsed=378s
[step 5000/150733] loss=1.739 acc=25.94% archive_size=10 tau_gumbel=9.973 elapsed=422s
[step 5500/150733] loss=1.718 acc=26.64% archive_size=10 tau_gumbel=9.968 elapsed=462s
Traceback (most recent call last):
  File "/home/proxpc/CASSO/casso_code/scripts/search_nb201.py", line 151, in <module>
    print("Evaluating Kendall-tau against NAS-Bench-201 ground truth...", flush=True)
    ^^^^^^
  File "/home/proxpc/CASSO/casso_code/scripts/search_nb201.py", line 117, in main
    searcher = CASSOSearcher(net, cfg, device, total_steps=total_steps, warmup_steps=warmup_steps)
              ^^^^^^^^^^^^^^^^^^^^^^^^^^^^^^^^^^^^^^^^^^^^^^^^^^^^^^^^^^^^^^^^^^^^^^^^
  File "/home/proxpc/CASSO/casso_code/casso/train_search.py", line 215, in step
    val_logits = self.net(vx, val_hardwts, val_indices)
                 ^^^^^^^^^^^^^^^^^^^^^^^^^^^^^^^^^^^^^^
  File "/home/proxpc/.pyenv/versions/3.12.1/lib/python3.12/site-packages/torch/nn/modules/module.py", line 1779, in _wrapped_call_impl
    return self._call_impl(*args, **kwargs)
           ^^^^^^^^^^^^^^^^^^^^^^^^^^^^^^^^
  File "/home/proxpc/.pyenv/versions/3.12.1/lib/python3.12/site-packages/torch/nn/modules/module.py", line 1790, in _call_impl
    return forward_call(*args, **kwargs)
           ^^^^^^^^^^^^^^^^^^^^^^^^^^^^^
  File "/home/proxpc/CASSO/casso_code/casso/nb201/supernet.py", line 85, in forward
    feat = cell(feat, hardwts, indices)
           ^^^^^^^^^^^^^^^^^^^^^^^^^^^^
  File "/home/proxpc/.pyenv/versions/3.12.1/lib/python3.12/site-packages/torch/nn/modules/module.py", line 1779, in _wrapped_call_impl
    return self._call_impl(*args, **kwargs)
           ^^^^^^^^^^^^^^^^^^^^^^^^^^^^^^^^
  File "/home/proxpc/.pyenv/versions/3.12.1/lib/python3.12/site-packages/torch/nn/modules/module.py", line 1790, in _call_impl
    return forward_call(*args, **kwargs)
           ^^^^^^^^^^^^^^^^^^^^^^^^^^^^^
  File "/home/proxpc/CASSO/casso_code/casso/nb201/cell.py", line 71, in forward
    incoming.append(hardwts[e_idx, indices[e_idx]] * out)
KeyboardInterrupt
Device: cuda
Loading CIFAR data...
781 steps/epoch, 150733 total steps, 11715 warmup steps
Loading NAS-Bench-201 oracle...
Supernet params: 1,699,480
[step 500/150733] loss=2.168 acc=16.06% archive_size=10 tau_gumbel=10.000 elapsed=35s
[step 1000/150733] loss=2.043 acc=19.79% archive_size=10 tau_gumbel=9.999 elapsed=74s
[step 1500/150733] loss=2.013 acc=20.84% archive_size=10 tau_gumbel=9.998 elapsed=112s
[step 2000/150733] loss=1.960 acc=21.62% archive_size=10 tau_gumbel=9.996 elapsed=154s
[step 2500/150733] loss=1.923 acc=22.41% archive_size=10 tau_gumbel=9.993 elapsed=195s
[step 3000/150733] loss=1.861 acc=23.18% archive_size=10 tau_gumbel=9.990 elapsed=232s
[step 3500/150733] loss=1.829 acc=23.84% archive_size=10 tau_gumbel=9.987 elapsed=270s
[step 4000/150733] loss=1.808 acc=25.04% archive_size=10 tau_gumbel=9.983 elapsed=307s
[step 4500/150733] loss=1.769 acc=25.59% archive_size=10 tau_gumbel=9.978 elapsed=347s
[step 5000/150733] loss=1.744 acc=26.13% archive_size=10 tau_gumbel=9.973 elapsed=384s
[step 5500/150733] loss=1.725 acc=26.03% archive_size=10 tau_gumbel=9.968 elapsed=426s
[step 6000/150733] loss=1.676 acc=27.62% archive_size=10 tau_gumbel=9.961 elapsed=464s
[step 6500/150733] loss=1.655 acc=27.53% archive_size=10 tau_gumbel=9.955 elapsed=503s
[step 7000/150733] loss=1.623 acc=28.05% archive_size=10 tau_gumbel=9.947 elapsed=540s
[step 7500/150733] loss=1.595 acc=29.32% archive_size=10 tau_gumbel=9.940 elapsed=578s
[step 8000/150733] loss=1.591 acc=28.61% archive_size=10 tau_gumbel=9.931 elapsed=616s
[step 8500/150733] loss=1.549 acc=29.84% archive_size=10 tau_gumbel=9.923 elapsed=655s
[step 9000/150733] loss=1.524 acc=29.82% archive_size=10 tau_gumbel=9.913 elapsed=692s
[step 9500/150733] loss=1.523 acc=30.37% archive_size=10 tau_gumbel=9.903 elapsed=731s
[step 10000/150733] loss=1.501 acc=30.62% archive_size=10 tau_gumbel=9.893 elapsed=769s
[step 10500/150733] loss=1.489 acc=30.78% archive_size=10 tau_gumbel=9.882 elapsed=807s
[step 11000/150733] loss=1.473 acc=30.77% archive_size=10 tau_gumbel=9.870 elapsed=846s
[step 11500/150733] loss=1.472 acc=30.43% archive_size=10 tau_gumbel=9.858 elapsed=884s
[step 12000/150733] loss=1.790 acc=30.74% archive_size=10 tau_gumbel=9.846 elapsed=961s
[step 12500/150733] loss=1.899 acc=29.99% archive_size=10 tau_gumbel=9.833 elapsed=1057s
[step 13000/150733] loss=1.906 acc=29.91% archive_size=10 tau_gumbel=9.819 elapsed=1153s
[step 13500/150733] loss=1.863 acc=31.15% archive_size=10 tau_gumbel=9.805 elapsed=1251s
[step 14000/150733] loss=1.816 acc=31.77% archive_size=10 tau_gumbel=9.791 elapsed=1348s
[step 14500/150733] loss=1.744 acc=32.04% archive_size=10 tau_gumbel=9.776 elapsed=1446s
[step 15000/150733] loss=1.696 acc=31.83% archive_size=10 tau_gumbel=9.760 elapsed=1541s
[step 15500/150733] loss=1.717 acc=32.38% archive_size=10 tau_gumbel=9.744 elapsed=1638s
[step 16000/150733] loss=1.715 acc=32.15% archive_size=10 tau_gumbel=9.727 elapsed=1737s
[step 16500/150733] loss=1.739 acc=31.86% archive_size=10 tau_gumbel=9.710 elapsed=1836s
[step 17000/150733] loss=1.732 acc=31.24% archive_size=10 tau_gumbel=9.693 elapsed=1940s
[step 17500/150733] loss=1.749 acc=31.39% archive_size=10 tau_gumbel=9.674 elapsed=2035s
[step 18000/150733] loss=1.699 acc=32.06% archive_size=10 tau_gumbel=9.656 elapsed=2131s
[step 18500/150733] loss=1.689 acc=33.46% archive_size=10 tau_gumbel=9.637 elapsed=2226s
[step 19000/150733] loss=1.687 acc=33.42% archive_size=10 tau_gumbel=9.617 elapsed=2324s
[step 19500/150733] loss=1.688 acc=33.24% archive_size=10 tau_gumbel=9.597 elapsed=2418s
[step 20000/150733] loss=1.710 acc=32.60% archive_size=10 tau_gumbel=9.576 elapsed=2512s
[step 20500/150733] loss=1.702 acc=33.63% archive_size=10 tau_gumbel=9.555 elapsed=2607s
[step 21000/150733] loss=1.700 acc=34.77% archive_size=10 tau_gumbel=9.533 elapsed=2706s
[step 21500/150733] loss=1.644 acc=34.97% archive_size=10 tau_gumbel=9.511 elapsed=2808s
[step 22000/150733] loss=1.697 acc=33.24% archive_size=10 tau_gumbel=9.489 elapsed=2905s
[step 22500/150733] loss=1.663 acc=34.40% archive_size=10 tau_gumbel=9.466 elapsed=3002s
[step 23000/150733] loss=1.648 acc=34.08% archive_size=10 tau_gumbel=9.442 elapsed=3098s
[step 23500/150733] loss=1.627 acc=33.71% archive_size=10 tau_gumbel=9.418 elapsed=3194s
[step 24000/150733] loss=1.640 acc=35.48% archive_size=10 tau_gumbel=9.394 elapsed=3291s
[step 24500/150733] loss=1.596 acc=35.03% archive_size=10 tau_gumbel=9.369 elapsed=3390s
[step 25000/150733] loss=1.597 acc=34.93% archive_size=10 tau_gumbel=9.343 elapsed=3486s
[step 25500/150733] loss=1.633 acc=35.08% archive_size=10 tau_gumbel=9.317 elapsed=3581s
[step 26000/150733] loss=1.594 acc=34.66% archive_size=10 tau_gumbel=9.291 elapsed=3678s
[step 26500/150733] loss=1.558 acc=35.40% archive_size=10 tau_gumbel=9.264 elapsed=3777s
[step 27000/150733] loss=1.583 acc=35.73% archive_size=10 tau_gumbel=9.237 elapsed=3875s
[step 27500/150733] loss=1.595 acc=35.66% archive_size=10 tau_gumbel=9.209 elapsed=3971s
[step 28000/150733] loss=1.534 acc=35.46% archive_size=10 tau_gumbel=9.181 elapsed=4067s
[step 28500/150733] loss=1.582 acc=36.12% archive_size=10 tau_gumbel=9.152 elapsed=4164s
[step 29000/150733] loss=1.510 acc=37.01% archive_size=10 tau_gumbel=9.123 elapsed=4260s
[step 29500/150733] loss=1.559 acc=35.83% archive_size=10 tau_gumbel=9.093 elapsed=4356s
[step 30000/150733] loss=1.541 acc=36.29% archive_size=10 tau_gumbel=9.064 elapsed=4455s
[step 30500/150733] loss=1.586 acc=36.20% archive_size=10 tau_gumbel=9.033 elapsed=4553s
[step 31000/150733] loss=1.564 acc=36.45% archive_size=10 tau_gumbel=9.002 elapsed=4654s
[step 31500/150733] loss=1.532 acc=36.80% archive_size=10 tau_gumbel=8.971 elapsed=4757s
[step 32000/150733] loss=1.497 acc=37.20% archive_size=10 tau_gumbel=8.939 elapsed=4858s
[step 32500/150733] loss=1.488 acc=37.73% archive_size=10 tau_gumbel=8.907 elapsed=4960s
[step 33000/150733] loss=1.484 acc=36.99% archive_size=10 tau_gumbel=8.875 elapsed=5061s
[step 33500/150733] loss=1.410 acc=38.78% archive_size=10 tau_gumbel=8.842 elapsed=5162s
[step 34000/150733] loss=1.463 acc=39.18% archive_size=10 tau_gumbel=8.808 elapsed=5264s
[step 34500/150733] loss=1.518 acc=38.11% archive_size=10 tau_gumbel=8.775 elapsed=5365s
[step 35000/150733] loss=1.603 acc=38.24% archive_size=10 tau_gumbel=8.740 elapsed=5464s
[step 35500/150733] loss=1.560 acc=39.32% archive_size=10 tau_gumbel=8.706 elapsed=5566s
[step 36000/150733] loss=1.518 acc=37.49% archive_size=10 tau_gumbel=8.671 elapsed=5667s
[step 36500/150733] loss=1.461 acc=38.88% archive_size=10 tau_gumbel=8.635 elapsed=5768s
[step 37000/150733] loss=1.458 acc=39.11% archive_size=10 tau_gumbel=8.600 elapsed=5868s
[step 37500/150733] loss=1.456 acc=39.38% archive_size=10 tau_gumbel=8.564 elapsed=5972s
[step 38000/150733] loss=1.370 acc=40.32% archive_size=10 tau_gumbel=8.527 elapsed=6073s
[step 38500/150733] loss=1.459 acc=39.39% archive_size=10 tau_gumbel=8.490 elapsed=6174s
[step 39000/150733] loss=1.423 acc=39.56% archive_size=10 tau_gumbel=8.453 elapsed=6277s
[step 39500/150733] loss=1.390 acc=41.15% archive_size=10 tau_gumbel=8.415 elapsed=6382s
[step 40000/150733] loss=1.397 acc=39.97% archive_size=10 tau_gumbel=8.377 elapsed=6485s
[step 40500/150733] loss=1.357 acc=41.01% archive_size=10 tau_gumbel=8.339 elapsed=6587s
[step 41000/150733] loss=1.396 acc=40.75% archive_size=10 tau_gumbel=8.300 elapsed=6690s
[step 41500/150733] loss=1.394 acc=39.86% archive_size=10 tau_gumbel=8.261 elapsed=6792s
[step 42000/150733] loss=1.412 acc=40.91% archive_size=10 tau_gumbel=8.222 elapsed=6894s
[step 42500/150733] loss=1.360 acc=40.64% archive_size=10 tau_gumbel=8.182 elapsed=6995s
[step 43000/150733] loss=1.361 acc=41.34% archive_size=10 tau_gumbel=8.142 elapsed=7097s
[step 43500/150733] loss=1.389 acc=39.87% archive_size=10 tau_gumbel=8.101 elapsed=7198s
[step 44000/150733] loss=1.385 acc=40.48% archive_size=10 tau_gumbel=8.060 elapsed=7305s
[step 44500/150733] loss=1.398 acc=39.73% archive_size=10 tau_gumbel=8.019 elapsed=7413s
[step 45000/150733] loss=1.347 acc=41.84% archive_size=10 tau_gumbel=7.978 elapsed=7524s
[step 45500/150733] loss=1.327 acc=41.62% archive_size=10 tau_gumbel=7.936 elapsed=7632s
[step 46000/150733] loss=1.334 acc=40.51% archive_size=10 tau_gumbel=7.894 elapsed=7738s
[step 46500/150733] loss=1.324 acc=41.68% archive_size=10 tau_gumbel=7.852 elapsed=7845s
[step 47000/150733] loss=1.347 acc=41.48% archive_size=10 tau_gumbel=7.809 elapsed=7953s
[step 47500/150733] loss=1.313 acc=42.99% archive_size=10 tau_gumbel=7.766 elapsed=8063s
[step 48000/150733] loss=1.305 acc=43.17% archive_size=10 tau_gumbel=7.723 elapsed=8173s
[step 48500/150733] loss=1.305 acc=42.64% archive_size=10 tau_gumbel=7.679 elapsed=8281s
[step 49000/150733] loss=1.283 acc=43.33% archive_size=10 tau_gumbel=7.635 elapsed=8386s
[step 49500/150733] loss=1.282 acc=43.49% archive_size=10 tau_gumbel=7.591 elapsed=8494s
[step 50000/150733] loss=1.327 acc=42.81% archive_size=10 tau_gumbel=7.547 elapsed=8602s
[step 50500/150733] loss=1.350 acc=42.24% archive_size=10 tau_gumbel=7.502 elapsed=8710s
[step 51000/150733] loss=1.326 acc=43.10% archive_size=10 tau_gumbel=7.457 elapsed=8819s
[step 51500/150733] loss=1.298 acc=43.13% archive_size=10 tau_gumbel=7.412 elapsed=8928s
[step 52000/150733] loss=1.283 acc=43.06% archive_size=10 tau_gumbel=7.367 elapsed=9038s
[step 52500/150733] loss=1.295 acc=43.29% archive_size=10 tau_gumbel=7.321 elapsed=9149s
[step 53000/150733] loss=1.291 acc=43.36% archive_size=10 tau_gumbel=7.275 elapsed=9259s
[step 53500/150733] loss=1.318 acc=43.12% archive_size=10 tau_gumbel=7.229 elapsed=9367s
[step 54000/150733] loss=1.306 acc=43.07% archive_size=10 tau_gumbel=7.182 elapsed=9477s
[step 54500/150733] loss=1.300 acc=43.69% archive_size=10 tau_gumbel=7.136 elapsed=9587s
[step 55000/150733] loss=1.302 acc=43.59% archive_size=10 tau_gumbel=7.089 elapsed=9698s
[step 55500/150733] loss=1.292 acc=44.34% archive_size=10 tau_gumbel=7.042 elapsed=9807s
[step 56000/150733] loss=1.326 acc=43.73% archive_size=10 tau_gumbel=6.994 elapsed=9914s
[step 56500/150733] loss=1.334 acc=43.89% archive_size=10 tau_gumbel=6.947 elapsed=10019s
[step 57000/150733] loss=1.287 acc=44.03% archive_size=10 tau_gumbel=6.899 elapsed=10127s
[step 57500/150733] loss=1.327 acc=42.84% archive_size=10 tau_gumbel=6.851 elapsed=10238s
[step 58000/150733] loss=1.263 acc=45.06% archive_size=10 tau_gumbel=6.803 elapsed=10348s
[step 58500/150733] loss=1.290 acc=44.41% archive_size=10 tau_gumbel=6.754 elapsed=10457s
[step 59000/150733] loss=1.300 acc=43.61% archive_size=10 tau_gumbel=6.706 elapsed=10565s
[step 59500/150733] loss=1.305 acc=44.02% archive_size=10 tau_gumbel=6.657 elapsed=10676s
[step 60000/150733] loss=1.284 acc=43.63% archive_size=10 tau_gumbel=6.608 elapsed=10787s
[step 60500/150733] loss=1.250 acc=45.15% archive_size=10 tau_gumbel=6.559 elapsed=10897s
[step 61000/150733] loss=1.233 acc=45.67% archive_size=10 tau_gumbel=6.510 elapsed=11009s
[step 61500/150733] loss=1.262 acc=44.86% archive_size=10 tau_gumbel=6.461 elapsed=11119s
[step 62000/150733] loss=1.272 acc=44.57% archive_size=10 tau_gumbel=6.411 elapsed=11230s
[step 62500/150733] loss=1.252 acc=45.98% archive_size=10 tau_gumbel=6.362 elapsed=11343s
[step 63000/150733] loss=1.207 acc=46.45% archive_size=10 tau_gumbel=6.312 elapsed=11454s
[step 63500/150733] loss=1.217 acc=46.43% archive_size=10 tau_gumbel=6.262 elapsed=11567s
[step 64000/150733] loss=1.232 acc=46.72% archive_size=10 tau_gumbel=6.212 elapsed=11680s
[step 64500/150733] loss=1.254 acc=46.09% archive_size=10 tau_gumbel=6.162 elapsed=11793s
[step 65000/150733] loss=1.252 acc=45.57% archive_size=10 tau_gumbel=6.111 elapsed=11906s
[step 65500/150733] loss=1.182 acc=48.12% archive_size=10 tau_gumbel=6.061 elapsed=12018s
[step 66000/150733] loss=1.265 acc=45.65% archive_size=10 tau_gumbel=6.010 elapsed=12131s
[step 66500/150733] loss=1.246 acc=46.44% archive_size=10 tau_gumbel=5.960 elapsed=12245s
[step 67000/150733] loss=1.264 acc=45.75% archive_size=10 tau_gumbel=5.909 elapsed=12355s
[step 67500/150733] loss=1.255 acc=46.88% archive_size=10 tau_gumbel=5.858 elapsed=12467s
[step 68000/150733] loss=1.228 acc=46.88% archive_size=10 tau_gumbel=5.807 elapsed=12582s
[step 68500/150733] loss=1.195 acc=48.33% archive_size=10 tau_gumbel=5.756 elapsed=12695s
[step 69000/150733] loss=1.215 acc=46.95% archive_size=10 tau_gumbel=5.705 elapsed=12808s
[step 69500/150733] loss=1.220 acc=46.63% archive_size=10 tau_gumbel=5.654 elapsed=12920s
[step 70000/150733] loss=1.218 acc=46.65% archive_size=10 tau_gumbel=5.602 elapsed=13032s
[step 70500/150733] loss=1.222 acc=46.12% archive_size=10 tau_gumbel=5.551 elapsed=13149s
[step 71000/150733] loss=1.203 acc=47.36% archive_size=10 tau_gumbel=5.500 elapsed=13262s
[step 71500/150733] loss=1.231 acc=46.90% archive_size=10 tau_gumbel=5.448 elapsed=13375s
[step 72000/150733] loss=1.230 acc=48.17% archive_size=10 tau_gumbel=5.397 elapsed=13488s
[step 72500/150733] loss=1.242 acc=47.53% archive_size=10 tau_gumbel=5.346 elapsed=13600s
[step 73000/150733] loss=1.217 acc=47.23% archive_size=10 tau_gumbel=5.294 elapsed=13714s
[step 73500/150733] loss=1.171 acc=48.44% archive_size=10 tau_gumbel=5.243 elapsed=13832s
[step 74000/150733] loss=1.186 acc=48.58% archive_size=10 tau_gumbel=5.191 elapsed=13947s
[step 74500/150733] loss=1.132 acc=49.88% archive_size=10 tau_gumbel=5.139 elapsed=14064s
[step 75000/150733] loss=1.190 acc=48.35% archive_size=10 tau_gumbel=5.088 elapsed=14180s
[step 75500/150733] loss=1.187 acc=48.95% archive_size=10 tau_gumbel=5.036 elapsed=14293s
[step 76000/150733] loss=1.194 acc=48.86% archive_size=10 tau_gumbel=4.985 elapsed=14408s
[step 76500/150733] loss=1.171 acc=49.18% archive_size=10 tau_gumbel=4.933 elapsed=14524s
[step 77000/150733] loss=1.160 acc=49.12% archive_size=10 tau_gumbel=4.882 elapsed=14639s
[step 77500/150733] loss=1.159 acc=49.99% archive_size=10 tau_gumbel=4.830 elapsed=14755s
[step 78000/150733] loss=1.145 acc=50.19% archive_size=10 tau_gumbel=4.778 elapsed=14869s
[step 78500/150733] loss=1.172 acc=49.72% archive_size=10 tau_gumbel=4.727 elapsed=14986s
[step 79000/150733] loss=1.167 acc=49.74% archive_size=10 tau_gumbel=4.675 elapsed=15103s
[step 79500/150733] loss=1.146 acc=50.26% archive_size=10 tau_gumbel=4.624 elapsed=15219s
[step 80000/150733] loss=1.144 acc=49.95% archive_size=10 tau_gumbel=4.573 elapsed=15338s
[step 80500/150733] loss=1.124 acc=50.53% archive_size=10 tau_gumbel=4.521 elapsed=15456s
[step 81000/150733] loss=1.121 acc=51.23% archive_size=10 tau_gumbel=4.470 elapsed=15573s
[step 81500/150733] loss=1.161 acc=49.96% archive_size=10 tau_gumbel=4.419 elapsed=15690s
[step 82000/150733] loss=1.188 acc=49.81% archive_size=10 tau_gumbel=4.368 elapsed=15808s
[step 82500/150733] loss=1.164 acc=50.27% archive_size=10 tau_gumbel=4.317 elapsed=15926s
[step 83000/150733] loss=1.126 acc=50.97% archive_size=10 tau_gumbel=4.266 elapsed=16046s
[step 83500/150733] loss=1.118 acc=50.99% archive_size=10 tau_gumbel=4.215 elapsed=16165s
[step 84000/150733] loss=1.114 acc=51.28% archive_size=10 tau_gumbel=4.164 elapsed=16285s
[step 84500/150733] loss=1.112 acc=51.84% archive_size=10 tau_gumbel=4.113 elapsed=16406s
[step 85000/150733] loss=1.096 acc=51.91% archive_size=10 tau_gumbel=4.063 elapsed=16526s
[step 85500/150733] loss=1.135 acc=51.45% archive_size=10 tau_gumbel=4.012 elapsed=16649s
[step 86000/150733] loss=1.091 acc=52.45% archive_size=10 tau_gumbel=3.962 elapsed=16773s
[step 86500/150733] loss=1.100 acc=52.84% archive_size=10 tau_gumbel=3.912 elapsed=16894s
[step 87000/150733] loss=1.095 acc=52.44% archive_size=10 tau_gumbel=3.862 elapsed=17016s
[step 87500/150733] loss=1.091 acc=52.72% archive_size=10 tau_gumbel=3.812 elapsed=17139s
[step 88000/150733] loss=1.062 acc=53.13% archive_size=10 tau_gumbel=3.762 elapsed=17260s
[step 88500/150733] loss=1.061 acc=54.20% archive_size=10 tau_gumbel=3.712 elapsed=17381s
[step 89000/150733] loss=1.067 acc=52.78% archive_size=10 tau_gumbel=3.662 elapsed=17501s
[step 89500/150733] loss=1.061 acc=53.71% archive_size=10 tau_gumbel=3.613 elapsed=17623s
[step 90000/150733] loss=1.086 acc=53.01% archive_size=10 tau_gumbel=3.564 elapsed=17744s
[step 90500/150733] loss=1.074 acc=53.32% archive_size=10 tau_gumbel=3.514 elapsed=17865s
[step 91000/150733] loss=1.022 acc=54.57% archive_size=10 tau_gumbel=3.466 elapsed=17988s
[step 91500/150733] loss=1.023 acc=54.33% archive_size=10 tau_gumbel=3.417 elapsed=18111s
[step 92000/150733] loss=1.053 acc=52.50% archive_size=10 tau_gumbel=3.368 elapsed=18235s
[step 92500/150733] loss=1.045 acc=53.72% archive_size=10 tau_gumbel=3.320 elapsed=18359s
[step 93000/150733] loss=1.109 acc=54.32% archive_size=10 tau_gumbel=3.271 elapsed=18481s
[step 93500/150733] loss=1.060 acc=54.79% archive_size=10 tau_gumbel=3.223 elapsed=18601s
[step 94000/150733] loss=1.068 acc=54.49% archive_size=10 tau_gumbel=3.176 elapsed=18723s
[step 94500/150733] loss=1.051 acc=54.22% archive_size=10 tau_gumbel=3.128 elapsed=18844s
[step 95000/150733] loss=1.012 acc=55.84% archive_size=10 tau_gumbel=3.081 elapsed=18965s
[step 95500/150733] loss=1.050 acc=54.51% archive_size=10 tau_gumbel=3.033 elapsed=19085s
[step 96000/150733] loss=1.020 acc=55.33% archive_size=10 tau_gumbel=2.986 elapsed=19206s
[step 96500/150733] loss=1.024 acc=54.53% archive_size=10 tau_gumbel=2.940 elapsed=19331s
[step 97000/150733] loss=1.029 acc=55.40% archive_size=10 tau_gumbel=2.893 elapsed=19455s
[step 97500/150733] loss=1.048 acc=54.97% archive_size=10 tau_gumbel=2.847 elapsed=19578s
[step 98000/150733] loss=1.017 acc=56.10% archive_size=10 tau_gumbel=2.801 elapsed=19702s
[step 98500/150733] loss=1.011 acc=56.28% archive_size=10 tau_gumbel=2.755 elapsed=19831s
[step 99000/150733] loss=1.016 acc=55.42% archive_size=10 tau_gumbel=2.709 elapsed=19958s
[step 99500/150733] loss=0.991 acc=56.39% archive_size=10 tau_gumbel=2.664 elapsed=20081s
[step 100000/150733] loss=0.979 acc=56.67% archive_size=10 tau_gumbel=2.619 elapsed=20206s
[step 100500/150733] loss=1.000 acc=55.69% archive_size=10 tau_gumbel=2.574 elapsed=20333s
[step 101000/150733] loss=0.987 acc=57.13% archive_size=10 tau_gumbel=2.529 elapsed=20460s
[step 101500/150733] loss=1.005 acc=56.70% archive_size=10 tau_gumbel=2.485 elapsed=20582s
[step 102000/150733] loss=0.966 acc=58.02% archive_size=10 tau_gumbel=2.441 elapsed=20701s
[step 102500/150733] loss=0.973 acc=57.83% archive_size=10 tau_gumbel=2.398 elapsed=20825s
[step 103000/150733] loss=1.009 acc=57.62% archive_size=10 tau_gumbel=2.354 elapsed=20949s
[step 103500/150733] loss=0.988 acc=56.27% archive_size=10 tau_gumbel=2.311 elapsed=21072s
[step 104000/150733] loss=0.978 acc=58.24% archive_size=10 tau_gumbel=2.268 elapsed=21191s
[step 104500/150733] loss=1.014 acc=57.83% archive_size=10 tau_gumbel=2.226 elapsed=21312s
[step 105000/150733] loss=0.987 acc=57.80% archive_size=10 tau_gumbel=2.183 elapsed=21433s
[step 105500/150733] loss=0.959 acc=58.79% archive_size=10 tau_gumbel=2.142 elapsed=21554s
[step 106000/150733] loss=0.957 acc=58.65% archive_size=10 tau_gumbel=2.100 elapsed=21677s
[step 106500/150733] loss=0.966 acc=58.32% archive_size=10 tau_gumbel=2.059 elapsed=21799s
[step 107000/150733] loss=0.962 acc=58.41% archive_size=10 tau_gumbel=2.018 elapsed=21923s
[step 107500/150733] loss=0.893 acc=60.20% archive_size=10 tau_gumbel=1.977 elapsed=22045s
[step 108000/150733] loss=0.921 acc=58.99% archive_size=10 tau_gumbel=1.937 elapsed=22166s
[step 108500/150733] loss=0.886 acc=61.19% archive_size=10 tau_gumbel=1.897 elapsed=22287s
[step 109000/150733] loss=0.910 acc=60.79% archive_size=10 tau_gumbel=1.857 elapsed=22410s
[step 109500/150733] loss=0.946 acc=58.62% archive_size=10 tau_gumbel=1.818 elapsed=22529s
[step 110000/150733] loss=0.945 acc=60.20% archive_size=10 tau_gumbel=1.779 elapsed=22653s
[step 110500/150733] loss=0.964 acc=60.23% archive_size=10 tau_gumbel=1.741 elapsed=22777s
[step 111000/150733] loss=0.945 acc=59.67% archive_size=10 tau_gumbel=1.703 elapsed=22898s
[step 111500/150733] loss=0.895 acc=61.21% archive_size=10 tau_gumbel=1.665 elapsed=23018s
[step 112000/150733] loss=0.883 acc=61.24% archive_size=10 tau_gumbel=1.627 elapsed=23143s
[step 112500/150733] loss=0.881 acc=61.73% archive_size=10 tau_gumbel=1.590 elapsed=23268s
[step 113000/150733] loss=0.877 acc=61.76% archive_size=10 tau_gumbel=1.553 elapsed=23389s
[step 113500/150733] loss=0.875 acc=61.87% archive_size=10 tau_gumbel=1.517 elapsed=23511s
[step 114000/150733] loss=0.887 acc=62.52% archive_size=10 tau_gumbel=1.481 elapsed=23633s
[step 114500/150733] loss=0.885 acc=62.54% archive_size=10 tau_gumbel=1.446 elapsed=23758s
[step 115000/150733] loss=0.885 acc=62.01% archive_size=10 tau_gumbel=1.410 elapsed=23881s
[step 115500/150733] loss=0.888 acc=62.01% archive_size=10 tau_gumbel=1.376 elapsed=24002s
[step 116000/150733] loss=0.864 acc=61.93% archive_size=10 tau_gumbel=1.341 elapsed=24125s
[step 116500/150733] loss=0.851 acc=61.88% archive_size=10 tau_gumbel=1.307 elapsed=24252s
[step 117000/150733] loss=0.814 acc=64.01% archive_size=10 tau_gumbel=1.274 elapsed=24382s
[step 117500/150733] loss=0.864 acc=62.95% archive_size=10 tau_gumbel=1.241 elapsed=24507s
[step 118000/150733] loss=0.871 acc=62.42% archive_size=10 tau_gumbel=1.208 elapsed=24630s
[step 118500/150733] loss=0.865 acc=63.20% archive_size=10 tau_gumbel=1.176 elapsed=24753s
[step 119000/150733] loss=0.868 acc=62.68% archive_size=10 tau_gumbel=1.144 elapsed=24874s
[step 119500/150733] loss=0.853 acc=63.62% archive_size=10 tau_gumbel=1.112 elapsed=24999s
[step 120000/150733] loss=0.838 acc=63.68% archive_size=10 tau_gumbel=1.081 elapsed=25121s
[step 120500/150733] loss=0.811 acc=64.88% archive_size=10 tau_gumbel=1.051 elapsed=25244s
[step 121000/150733] loss=0.814 acc=64.97% archive_size=10 tau_gumbel=1.020 elapsed=25365s
[step 121500/150733] loss=0.818 acc=64.39% archive_size=10 tau_gumbel=0.991 elapsed=25489s
[step 122000/150733] loss=0.817 acc=64.95% archive_size=10 tau_gumbel=0.961 elapsed=25613s
[step 122500/150733] loss=0.783 acc=65.72% archive_size=10 tau_gumbel=0.933 elapsed=25731s
[step 123000/150733] loss=0.780 acc=65.88% archive_size=10 tau_gumbel=0.904 elapsed=25850s
[step 123500/150733] loss=0.777 acc=65.60% archive_size=10 tau_gumbel=0.876 elapsed=25970s
[step 124000/150733] loss=0.796 acc=65.22% archive_size=10 tau_gumbel=0.849 elapsed=26090s
[step 124500/150733] loss=0.753 acc=66.94% archive_size=10 tau_gumbel=0.822 elapsed=26213s
[step 125000/150733] loss=0.768 acc=65.82% archive_size=10 tau_gumbel=0.795 elapsed=26339s
[step 125500/150733] loss=0.778 acc=65.52% archive_size=10 tau_gumbel=0.769 elapsed=26461s
[step 126000/150733] loss=0.755 acc=66.96% archive_size=10 tau_gumbel=0.743 elapsed=26582s
[step 126500/150733] loss=0.762 acc=66.56% archive_size=10 tau_gumbel=0.718 elapsed=26705s
[step 127000/150733] loss=0.735 acc=67.64% archive_size=10 tau_gumbel=0.693 elapsed=26826s
[step 127500/150733] loss=0.756 acc=67.24% archive_size=10 tau_gumbel=0.669 elapsed=26946s
[step 128000/150733] loss=0.752 acc=67.37% archive_size=10 tau_gumbel=0.645 elapsed=27064s
[step 128500/150733] loss=0.786 acc=65.70% archive_size=10 tau_gumbel=0.622 elapsed=27184s
[step 129000/150733] loss=0.748 acc=67.47% archive_size=10 tau_gumbel=0.599 elapsed=27304s
[step 129500/150733] loss=0.737 acc=67.18% archive_size=10 tau_gumbel=0.577 elapsed=27421s
[step 130000/150733] loss=0.753 acc=66.96% archive_size=10 tau_gumbel=0.555 elapsed=27539s
[step 130500/150733] loss=0.738 acc=68.30% archive_size=10 tau_gumbel=0.534 elapsed=27658s
[step 131000/150733] loss=0.717 acc=67.62% archive_size=10 tau_gumbel=0.513 elapsed=27782s
[step 131500/150733] loss=0.729 acc=67.93% archive_size=10 tau_gumbel=0.492 elapsed=27901s
[step 132000/150733] loss=0.716 acc=68.10% archive_size=10 tau_gumbel=0.473 elapsed=28017s
[step 132500/150733] loss=0.730 acc=68.54% archive_size=10 tau_gumbel=0.453 elapsed=28136s
[step 133000/150733] loss=0.703 acc=69.36% archive_size=10 tau_gumbel=0.434 elapsed=28254s
[step 133500/150733] loss=0.722 acc=68.11% archive_size=10 tau_gumbel=0.416 elapsed=28370s
[step 134000/150733] loss=0.713 acc=68.32% archive_size=10 tau_gumbel=0.398 elapsed=28488s
[step 134500/150733] loss=0.704 acc=69.46% archive_size=10 tau_gumbel=0.381 elapsed=28606s
[step 135000/150733] loss=0.692 acc=69.81% archive_size=10 tau_gumbel=0.364 elapsed=28722s
[step 135500/150733] loss=0.697 acc=69.80% archive_size=10 tau_gumbel=0.347 elapsed=28839s
[step 136000/150733] loss=0.697 acc=69.80% archive_size=10 tau_gumbel=0.332 elapsed=28958s
[step 136500/150733] loss=0.707 acc=69.35% archive_size=10 tau_gumbel=0.316 elapsed=29074s
[step 137000/150733] loss=0.684 acc=70.03% archive_size=10 tau_gumbel=0.301 elapsed=29192s
[step 137500/150733] loss=0.729 acc=68.67% archive_size=10 tau_gumbel=0.287 elapsed=29312s
[step 138000/150733] loss=0.694 acc=69.72% archive_size=10 tau_gumbel=0.273 elapsed=29425s
[step 138500/150733] loss=0.723 acc=68.83% archive_size=10 tau_gumbel=0.260 elapsed=29541s
[step 139000/150733] loss=0.704 acc=69.64% archive_size=10 tau_gumbel=0.247 elapsed=29659s
[step 139500/150733] loss=0.697 acc=69.88% archive_size=10 tau_gumbel=0.235 elapsed=29779s
[step 140000/150733] loss=0.763 acc=70.15% archive_size=10 tau_gumbel=0.223 elapsed=29900s
[step 140500/150733] loss=0.689 acc=70.00% archive_size=10 tau_gumbel=0.212 elapsed=30014s
[step 141000/150733] loss=0.689 acc=70.22% archive_size=10 tau_gumbel=0.201 elapsed=30134s
[step 141500/150733] loss=0.670 acc=71.28% archive_size=10 tau_gumbel=0.191 elapsed=30250s
[step 142000/150733] loss=0.726 acc=68.91% archive_size=10 tau_gumbel=0.182 elapsed=30365s
[step 142500/150733] loss=0.678 acc=70.47% archive_size=10 tau_gumbel=0.173 elapsed=30480s
[step 143000/150733] loss=0.704 acc=70.44% archive_size=10 tau_gumbel=0.164 elapsed=30594s
[step 143500/150733] loss=0.684 acc=69.63% archive_size=10 tau_gumbel=0.156 elapsed=30708s
[step 144000/150733] loss=0.687 acc=70.71% archive_size=10 tau_gumbel=0.149 elapsed=30826s
[step 144500/150733] loss=0.686 acc=71.22% archive_size=10 tau_gumbel=0.142 elapsed=30942s
[step 145000/150733] loss=0.703 acc=69.88% archive_size=10 tau_gumbel=0.135 elapsed=31056s
[step 145500/150733] loss=0.662 acc=72.56% archive_size=10 tau_gumbel=0.129 elapsed=31171s
[step 146000/150733] loss=0.684 acc=71.19% archive_size=10 tau_gumbel=0.124 elapsed=31287s
[step 146500/150733] loss=0.656 acc=72.16% archive_size=10 tau_gumbel=0.119 elapsed=31407s
[step 147000/150733] loss=0.664 acc=70.48% archive_size=10 tau_gumbel=0.115 elapsed=31526s
[step 147500/150733] loss=0.659 acc=70.50% archive_size=10 tau_gumbel=0.111 elapsed=31642s
[step 148000/150733] loss=0.652 acc=71.29% archive_size=10 tau_gumbel=0.108 elapsed=31761s
[step 148500/150733] loss=0.656 acc=70.58% archive_size=10 tau_gumbel=0.105 elapsed=31877s
[step 149000/150733] loss=0.631 acc=72.26% archive_size=10 tau_gumbel=0.103 elapsed=31995s
[step 149500/150733] loss=0.660 acc=71.58% archive_size=10 tau_gumbel=0.102 elapsed=32115s
[step 150000/150733] loss=0.657 acc=71.64% archive_size=10 tau_gumbel=0.101 elapsed=32233s
[step 150500/150733] loss=0.642 acc=72.70% archive_size=10 tau_gumbel=0.100 elapsed=32348s
[step 150733/150733] loss=0.641 acc=72.80% archive_size=10 tau_gumbel=0.100 elapsed=32402s
Evaluating Kendall-tau against NAS-Bench-201 ground truth...
Kendall-tau = -0.2241 (p=2.465e-06, n=200)
Saved results to runs/full_cifar10_seed0.json
